
> responsive:gen
> node tools/generate-responsive-images.js

═══════════════════════════════════════
  响应式图片生成工具
═══════════════════════════════════════
源目录: /Users/maoxiaoqi/Desktop/网页/web-2025/images
输出目录: /Users/maoxiaoqi/Desktop/网页/web-2025/images/_responsive
尺寸: 400px, 960px, 1600px

🔍 扫描图片文件...
📊 找到 422 个图片文件


📸 处理: 02top/news/hallo mitsuko.webp
  尺寸: 1600x900
  ✓ 400px: 6.5KB (webp) + 10.2KB (fallback)
  ✓ 960px: 22.3KB (webp) + 40.1KB (fallback)
  ⊘ 1600px: 跳过（原图太小）

📸 处理: 02top/news/hallo mitsuko.jpg
  尺寸: 1600x900
  ✓ 400px: 6.6KB (webp) + 10.3KB (fallback)
  ✓ 960px: 24.3KB (webp) + 41.6KB (fallback)
  ⊘ 1600px: 跳过（原图太小）

📸 处理: 02top/news/001_La Isla Salon.webp
  尺寸: 1600x900
  ✓ 400px: 14.2KB (webp) + 22.0KB (fallback)
  ✓ 960px: 51.9KB (webp) + 89.6KB (fallback)
  ⊘ 1600px: 跳过（原图太小）

📸 处理: 02top/news/001_La Isla Salon.jpg
  尺寸: 1600x900
  ✓ 400px: 14.1KB (webp) + 21.9KB (fallback)
  ✓ 960px: 57.4KB (webp) + 94.6KB (fallback)
  ⊘ 1600px: 跳过（原图太小）

📸 处理: 02project/project2/00_2527_webpic_sketch_kuuchuuteien.webp
  尺寸: 2000x1250
  ✓ 400px: 9.3KB (webp) + 17.9KB (fallback)
  ✓ 960px: 58.0KB (webp) + 100.6KB (fallback)
  ✓ 1600px: 147.6KB (webp) + 266.7KB (fallback)

📸 处理: 02project/project2/00_2527_webpic_sketch_kuuchuuteien.jpg
  尺寸: 2000x1250
  ✓ 400px: 9.1KB (webp) + 17.6KB (fallback)
  ✓ 960px: 75.4KB (webp) + 110.2KB (fallback)
  ✓ 1600px: 202.7KB (webp) + 308.4KB (fallback)

📸 处理: 02project/project1/01_2523_webpic_IMG_8254.webp
  尺寸: 2000x1429
  ✓ 400px: 24.0KB (webp) + 32.2KB (fallback)
  ✓ 960px: 102.9KB (webp) + 150.7KB (fallback)
  ✓ 1600px: 209.1KB (webp) + 341.6KB (fallback)

📸 处理: 02project/project1/01_2523_webpic_IMG_8254.jpg
  尺寸: 2000x1429
  ✓ 400px: 23.8KB (webp) + 31.8KB (fallback)
  ✓ 960px: 113.9KB (webp) + 160.6KB (fallback)
  ✓ 1600px: 261.8KB (webp) + 391.7KB (fallback)

📸 处理: 02project/project1/00_2540_basic_16x9_IMG_8254.jpg
  尺寸: 2000x1125
  ✓ 400px: 20.1KB (webp) + 26.4KB (fallback)
  ✓ 960px: 92.1KB (webp) + 131.0KB (fallback)
  ✓ 1600px: 212.8KB (webp) + 318.1KB (fallback)

📸 处理: 02project/project1/00_2025_streetview_webinfo.webp
  尺寸: 2000x2000
  ✓ 400px: 9.0KB (webp) + 15.5KB (fallback)
  ✓ 960px: 34.4KB (webp) + 65.6KB (fallback)
  ✓ 1600px: 67.7KB (webp) + 143.0KB (fallback)

📸 处理: 02project/project1/00_2025_streetview_webinfo.jpg
  尺寸: 2000x2000
  ✓ 400px: 8.6KB (webp) + 15.0KB (fallback)
  ✓ 960px: 35.4KB (webp) + 66.7KB (fallback)
  ✓ 1600px: 75.2KB (webp) + 151.7KB (fallback)

📸 处理: 02installation/02_038_leading_to_K_shoppingstreat_KANAZAWA/01_2523_webpic_IMG_8254.webp
  尺寸: 2000x1429
  ✓ 400px: 24.0KB (webp) + 32.2KB (fallback)
  ✓ 960px: 102.9KB (webp) + 150.7KB (fallback)
  ✓ 1600px: 209.1KB (webp) + 341.6KB (fallback)

📸 处理: 02installation/02_038_leading_to_K_shoppingstreat_KANAZAWA/01_2523_webpic_IMG_8254.jpg
  尺寸: 2000x1429
  ✓ 400px: 23.8KB (webp) + 31.8KB (fallback)
  ✓ 960px: 113.9KB (webp) + 160.6KB (fallback)
  ✓ 1600px: 261.8KB (webp) + 391.7KB (fallback)

📸 处理: 02installation/02_038_leading_to_K_shoppingstreat_KANAZAWA/00_2540_basic_16x9_IMG_8254.webp
  尺寸: 2000x1125
  ✓ 400px: 20.3KB (webp) + 26.8KB (fallback)
  ✓ 960px: 84.6KB (webp) + 122.9KB (fallback)
  ✓ 1600px: 170.7KB (webp) + 279.4KB (fallback)

📸 处理: 02installation/02_038_leading_to_K_shoppingstreat_KANAZAWA/00_2540_basic_16x9_IMG_8254.jpg
  尺寸: 2000x1125
  ✓ 400px: 20.1KB (webp) + 26.4KB (fallback)
  ✓ 960px: 92.1KB (webp) + 131.0KB (fallback)
  ✓ 1600px: 212.8KB (webp) + 318.1KB (fallback)

📸 处理: 02installation/02_037_im_just_a_dog_k51/02_basic_IMG_2092 2.webp
  尺寸: 4032x3024
  ✓ 400px: 17.1KB (webp) + 25.9KB (fallback)
  ✓ 960px: 82.7KB (webp) + 130.2KB (fallback)
  ✓ 1600px: 215.2KB (webp) + 347.1KB (fallback)

📸 处理: 02installation/02_037_im_just_a_dog_k51/02_basic_IMG_2092 2.jpg
  尺寸: 4032x3024
  ✓ 400px: 16.7KB (webp) + 25.7KB (fallback)
  ✓ 960px: 87.3KB (webp) + 134.7KB (fallback)
  ✓ 1600px: 267.2KB (webp) + 383.3KB (fallback)

📸 处理: 02installation/02_037_im_just_a_dog_k51/01_2523_webpic_IMG_3628.webp
  尺寸: 2000x1428
  ✓ 400px: 15.9KB (webp) + 24.6KB (fallback)
  ✓ 960px: 66.1KB (webp) + 115.5KB (fallback)
  ✓ 1600px: 131.7KB (webp) + 259.3KB (fallback)

📸 处理: 02installation/02_037_im_just_a_dog_k51/01_2523_webpic_IMG_3628.jpg
  尺寸: 2000x1428
  ✓ 400px: 15.8KB (webp) + 24.4KB (fallback)
  ✓ 960px: 77.6KB (webp) + 126.3KB (fallback)
  ✓ 1600px: 184.5KB (webp) + 324.3KB (fallback)

📸 处理: 02installation/02_037_im_just_a_dog_k51/00_2540_basic_16x9_IMG_3628.webp
  尺寸: 2000x1125
  ✓ 400px: 13.7KB (webp) + 20.6KB (fallback)
  ✓ 960px: 54.8KB (webp) + 94.4KB (fallback)
  ✓ 1600px: 108.6KB (webp) + 212.0KB (fallback)

📸 处理: 02installation/02_037_im_just_a_dog_k51/00_2540_basic_16x9_IMG_3628.jpg
  尺寸: 2000x1125
  ✓ 400px: 13.3KB (webp) + 20.4KB (fallback)
  ✓ 960px: 63.7KB (webp) + 102.2KB (fallback)
  ✓ 1600px: 151.7KB (webp) + 262.7KB (fallback)

📸 处理: 02installation/02_036_chasing_a_little_past_KANAZAWA/ipad_18EA_kioku_MG_8275.webp
  尺寸: 2000x1333
  ✓ 400px: 15.0KB (webp) + 23.0KB (fallback)
  ✓ 960px: 64.7KB (webp) + 108.0KB (fallback)
  ✓ 1600px: 136.8KB (webp) + 248.7KB (fallback)

📸 处理: 02installation/02_036_chasing_a_little_past_KANAZAWA/ipad_18EA_kioku_MG_8275.jpg
  尺寸: 2000x1333
  ✓ 400px: 16.1KB (webp) + 24.2KB (fallback)
  ✓ 960px: 78.2KB (webp) + 122.1KB (fallback)
  ✓ 1600px: 193.3KB (webp) + 312.6KB (fallback)

📸 处理: 02installation/02_036_chasing_a_little_past_KANAZAWA/ipad_18EA_kioku_MG_8267.webp
  尺寸: 2000x1333
  ✓ 400px: 18.4KB (webp) + 26.5KB (fallback)
  ✓ 960px: 81.8KB (webp) + 122.8KB (fallback)
  ✓ 1600px: 180.4KB (webp) + 295.2KB (fallback)

📸 处理: 02installation/02_036_chasing_a_little_past_KANAZAWA/ipad_18EA_kioku_MG_8267.jpg
  尺寸: 2000x1333
  ✓ 400px: 19.6KB (webp) + 27.6KB (fallback)
  ✓ 960px: 98.3KB (webp) + 137.7KB (fallback)
  ✓ 1600px: 257.7KB (webp) + 362.6KB (fallback)

📸 处理: 02installation/02_036_chasing_a_little_past_KANAZAWA/ipad_18EA_kioku_MG_8263.webp
  尺寸: 1333x2000
  ✓ 400px: 26.1KB (webp) + 43.1KB (fallback)
  ✓ 960px: 110.9KB (webp) + 195.7KB (fallback)
  ⊘ 1600px: 跳过（原图太小）

📸 处理: 02installation/02_036_chasing_a_little_past_KANAZAWA/ipad_18EA_kioku_MG_8263.jpg
  尺寸: 1333x2000
  ✓ 400px: 28.8KB (webp) + 46.5KB (fallback)
  ✓ 960px: 142.1KB (webp) + 228.5KB (fallback)
  ⊘ 1600px: 跳过（原图太小）

📸 处理: 02installation/02_036_chasing_a_little_past_KANAZAWA/ipad_18EA_kioku_MG_8258.webp
  尺寸: 2000x1333
  ✓ 400px: 14.3KB (webp) + 22.2KB (fallback)
  ✓ 960px: 65.5KB (webp) + 105.4KB (fallback)
  ✓ 1600px: 138.0KB (webp) + 249.9KB (fallback)

📸 处理: 02installation/02_036_chasing_a_little_past_KANAZAWA/ipad_18EA_kioku_MG_8258.jpg
  尺寸: 2000x1333
  ✓ 400px: 15.3KB (webp) + 23.2KB (fallback)
  ✓ 960px: 80.0KB (webp) + 120.0KB (fallback)
  ✓ 1600px: 197.2KB (webp) + 311.7KB (fallback)

📸 处理: 02installation/02_036_chasing_a_little_past_KANAZAWA/ipad_18EA_kioku_MG_8255.webp
  尺寸: 1333x2000
  ✓ 400px: 22.6KB (webp) + 38.0KB (fallback)
  ✓ 960px: 103.0KB (webp) + 187.0KB (fallback)
  ⊘ 1600px: 跳过（原图太小）

📸 处理: 02installation/02_036_chasing_a_little_past_KANAZAWA/ipad_18EA_kioku_MG_8255.jpg
  尺寸: 1333x2000
  ✓ 400px: 26.8KB (webp) + 42.5KB (fallback)
  ✓ 960px: 139.9KB (webp) + 225.8KB (fallback)
  ⊘ 1600px: 跳过（原图太小）

📸 处理: 02installation/02_036_chasing_a_little_past_KANAZAWA/ipad_18EA_kioku_MG_8253.webp
  尺寸: 1333x2000
  ✓ 400px: 38.8KB (webp) + 53.2KB (fallback)
  ✓ 960px: 232.4KB (webp) + 313.8KB (fallback)
  ⊘ 1600px: 跳过（原图太小）

📸 处理: 02installation/02_036_chasing_a_little_past_KANAZAWA/ipad_18EA_kioku_MG_8253.jpg
  尺寸: 1333x2000
  ✓ 400px: 41.1KB (webp) + 55.6KB (fallback)
  ✓ 960px: 289.1KB (webp) + 360.0KB (fallback)
  ⊘ 1600px: 跳过（原图太小）

📸 处理: 02installation/02_036_chasing_a_little_past_KANAZAWA/ipad_18EA_kioku_MG_8238.webp
  尺寸: 2000x1333
  ✓ 400px: 20.3KB (webp) + 28.1KB (fallback)
  ✓ 960px: 103.6KB (webp) + 141.3KB (fallback)
  ✓ 1600px: 247.5KB (webp) + 350.2KB (fallback)

📸 处理: 02installation/02_036_chasing_a_little_past_KANAZAWA/ipad_18EA_kioku_MG_8238.jpg
  尺寸: 2000x1333
  ✓ 400px: 20.1KB (webp) + 27.7KB (fallback)
  ✓ 960px: 116.9KB (webp) + 152.3KB (fallback)
  ✓ 1600px: 315.5KB (webp) + 408.5KB (fallback)

📸 处理: 02installation/02_036_chasing_a_little_past_KANAZAWA/ipad_18EA_kioku_MG_8234.webp
  尺寸: 1333x2000
  ✓ 400px: 24.7KB (webp) + 41.0KB (fallback)
  ✓ 960px: 89.2KB (webp) + 165.5KB (fallback)
  ⊘ 1600px: 跳过（原图太小）

📸 处理: 02installation/02_036_chasing_a_little_past_KANAZAWA/ipad_18EA_kioku_MG_8234.jpg
  尺寸: 1333x2000
  ✓ 400px: 27.6KB (webp) + 43.8KB (fallback)
  ✓ 960px: 109.1KB (webp) + 185.7KB (fallback)
  ⊘ 1600px: 跳过（原图太小）

📸 处理: 02installation/02_036_chasing_a_little_past_KANAZAWA/ipad_18EA_kioku_MG_8228.webp
  尺寸: 2000x1333
  ✓ 400px: 23.0KB (webp) + 30.9KB (fallback)
  ✓ 960px: 109.2KB (webp) + 152.6KB (fallback)
  ✓ 1600px: 238.9KB (webp) + 362.6KB (fallback)

📸 处理: 02installation/02_036_chasing_a_little_past_KANAZAWA/ipad_18EA_kioku_MG_8228.jpg
  尺寸: 2000x1333
  ✓ 400px: 24.4KB (webp) + 31.9KB (fallback)
  ✓ 960px: 128.3KB (webp) + 169.7KB (fallback)
  ✓ 1600px: 322.1KB (webp) + 436.1KB (fallback)

📸 处理: 02installation/02_036_chasing_a_little_past_KANAZAWA/ipad_18EA_kioku_MG_8226.webp
  尺寸: 1333x2000
  ✓ 400px: 34.8KB (webp) + 49.5KB (fallback)
  ✓ 960px: 152.3KB (webp) + 238.8KB (fallback)
  ⊘ 1600px: 跳过（原图太小）

📸 处理: 02installation/02_036_chasing_a_little_past_KANAZAWA/ipad_18EA_kioku_MG_8226.jpg
  尺寸: 1333x2000
  ✓ 400px: 38.1KB (webp) + 52.5KB (fallback)
  ✓ 960px: 190.6KB (webp) + 273.4KB (fallback)
  ⊘ 1600px: 跳过（原图太小）

📸 处理: 02installation/02_036_chasing_a_little_past_KANAZAWA/ipad_18EA_kioku_MG_8221.webp
  尺寸: 2000x1333
  ✓ 400px: 14.6KB (webp) + 21.9KB (fallback)
  ✓ 960px: 64.2KB (webp) + 102.5KB (fallback)
  ✓ 1600px: 138.0KB (webp) + 235.6KB (fallback)

📸 处理: 02installation/02_036_chasing_a_little_past_KANAZAWA/ipad_18EA_kioku_MG_8221.jpg
  尺寸: 2000x1333
  ✓ 400px: 15.7KB (webp) + 22.9KB (fallback)
  ✓ 960px: 76.8KB (webp) + 115.3KB (fallback)
  ✓ 1600px: 184.5KB (webp) + 291.5KB (fallback)

📸 处理: 02installation/02_036_chasing_a_little_past_KANAZAWA/2540_basic_18EA_kioku_MG_8228_installation_000.webp
  尺寸: 2000x1125
  ✓ 400px: 22.3KB (webp) + 29.3KB (fallback)
  ✓ 960px: 98.0KB (webp) + 137.1KB (fallback)
  ✓ 1600px: 213.5KB (webp) + 318.1KB (fallback)

📸 处理: 02installation/02_036_chasing_a_little_past_KANAZAWA/2540_basic_18EA_kioku_MG_8228_installation_000.jpg
  尺寸: 2000x1125
  ✓ 400px: 21.7KB (webp) + 28.7KB (fallback)
  ✓ 960px: 106.9KB (webp) + 145.0KB (fallback)
  ✓ 1600px: 261.1KB (webp) + 362.2KB (fallback)

📸 处理: 02installation/02_036_chasing_a_little_past_KANAZAWA/2523_webpic_18EA_kioku_MG_8228_installation_000.webp
  尺寸: 2000x1428
  ✓ 400px: 27.7KB (webp) + 36.0KB (fallback)
  ✓ 960px: 130.7KB (webp) + 177.2KB (fallback)
  ✓ 1600px: 283.5KB (webp) + 414.8KB (fallback)

📸 处理: 02installation/02_036_chasing_a_little_past_KANAZAWA/00_2540_basic_16x9_18EA_kioku_MG_8228_installation_000.webp
  尺寸: 2000x1125
  ✓ 400px: 22.4KB (webp) + 29.2KB (fallback)
  ✓ 960px: 98.0KB (webp) + 136.9KB (fallback)
  ✓ 1600px: 211.0KB (webp) + 316.1KB (fallback)

📸 处理: 02installation/02_036_chasing_a_little_past_KANAZAWA/00_2540_basic_16x9_18EA_kioku_MG_8228_installation_000.jpg
  尺寸: 2000x1125
  ✓ 400px: 21.8KB (webp) + 28.7KB (fallback)
  ✓ 960px: 107.0KB (webp) + 144.8KB (fallback)
  ✓ 1600px: 261.1KB (webp) + 362.2KB (fallback)

📸 处理: 02installation/02_034_chasing_a_little_past_OPENART/1725_web_IMG_6103.webp
  尺寸: 1333x2000
  ✓ 400px: 18.8KB (webp) + 33.7KB (fallback)
  ✓ 960px: 68.3KB (webp) + 146.7KB (fallback)
  ⊘ 1600px: 跳过（原图太小）

📸 处理: 02installation/02_034_chasing_a_little_past_OPENART/1725_web_IMG_6103.jpg
  尺寸: 1333x2000
  ✓ 400px: 20.0KB (webp) + 34.9KB (fallback)
  ✓ 960px: 84.1KB (webp) + 177.5KB (fallback)
  ⊘ 1600px: 跳过（原图太小）

📸 处理: 02installation/02_034_chasing_a_little_past_OPENART/1725_web_IMG_6090.webp
  尺寸: 2000x1333
  ✓ 400px: 8.3KB (webp) + 15.5KB (fallback)
  ✓ 960px: 30.4KB (webp) + 69.6KB (fallback)
  ✓ 1600px: 67.0KB (webp) + 170.5KB (fallback)

📸 处理: 02installation/02_034_chasing_a_little_past_OPENART/1725_web_IMG_6090.jpg
  尺寸: 2000x1333
  ✓ 400px: 8.2KB (webp) + 15.3KB (fallback)
  ✓ 960px: 35.5KB (webp) + 76.8KB (fallback)
  ✓ 1600px: 115.4KB (webp) + 227.2KB (fallback)

📸 处理: 02installation/02_034_chasing_a_little_past_OPENART/1725_web_IMG_6001.webp
  尺寸: 2000x1333
  ✓ 400px: 8.7KB (webp) + 16.8KB (fallback)
  ✓ 960px: 33.5KB (webp) + 74.5KB (fallback)
  ✓ 1600px: 76.0KB (webp) + 181.8KB (fallback)

📸 处理: 02installation/02_034_chasing_a_little_past_OPENART/1725_web_IMG_6001.jpg
  尺寸: 2000x1333
  ✓ 400px: 8.6KB (webp) + 16.5KB (fallback)
  ✓ 960px: 37.2KB (webp) + 80.8KB (fallback)
  ✓ 1600px: 120.1KB (webp) + 234.3KB (fallback)

📸 处理: 02installation/02_034_chasing_a_little_past_OPENART/1725_web_IMG_5979.webp
  尺寸: 1333x2000
  ✓ 400px: 18.7KB (webp) + 33.8KB (fallback)
  ✓ 960px: 66.7KB (webp) + 141.8KB (fallback)
  ⊘ 1600px: 跳过（原图太小）

📸 处理: 02installation/02_034_chasing_a_little_past_OPENART/1725_web_IMG_5979.jpg
  尺寸: 1333x2000
  ✓ 400px: 19.6KB (webp) + 34.6KB (fallback)
  ✓ 960px: 79.9KB (webp) + 170.5KB (fallback)
  ⊘ 1600px: 跳过（原图太小）

📸 处理: 02installation/02_034_chasing_a_little_past_OPENART/1725_web_IMG_5962.webp
  尺寸: 2000x1333
  ✓ 400px: 10.9KB (webp) + 18.2KB (fallback)
  ✓ 960px: 42.1KB (webp) + 78.3KB (fallback)
  ✓ 1600px: 84.4KB (webp) + 171.9KB (fallback)

📸 处理: 02installation/02_034_chasing_a_little_past_OPENART/1725_web_IMG_5962.jpg
  尺寸: 2000x1333
  ✓ 400px: 10.9KB (webp) + 18.1KB (fallback)
  ✓ 960px: 48.7KB (webp) + 85.1KB (fallback)
  ✓ 1600px: 107.9KB (webp) + 219.0KB (fallback)

📸 处理: 02installation/02_034_chasing_a_little_past_OPENART/1725_web_IMG_5824_02.webp
  尺寸: 2000x1333
  ✓ 400px: 17.9KB (webp) + 25.8KB (fallback)
  ✓ 960px: 66.6KB (webp) + 111.0KB (fallback)
  ✓ 1600px: 130.4KB (webp) + 244.4KB (fallback)

📸 处理: 02installation/02_034_chasing_a_little_past_OPENART/1725_web_IMG_5824_02.jpg
  尺寸: 2000x1333
  ✓ 400px: 17.8KB (webp) + 25.5KB (fallback)
  ✓ 960px: 74.8KB (webp) + 118.4KB (fallback)
  ✓ 1600px: 171.0KB (webp) + 292.9KB (fallback)

📸 处理: 02installation/02_034_chasing_a_little_past_OPENART/1725_web_IMG_5764.webp
  尺寸: 2000x1333
  ✓ 400px: 8.7KB (webp) + 15.4KB (fallback)
  ✓ 960px: 34.2KB (webp) + 69.7KB (fallback)
  ✓ 1600px: 73.1KB (webp) + 165.9KB (fallback)

📸 处理: 02installation/02_034_chasing_a_little_past_OPENART/1725_web_IMG_5764.jpg
  尺寸: 2000x1333
  ✓ 400px: 8.4KB (webp) + 15.2KB (fallback)
  ✓ 960px: 39.4KB (webp) + 76.0KB (fallback)
  ✓ 1600px: 106.7KB (webp) + 221.7KB (fallback)

📸 处理: 02installation/02_034_chasing_a_little_past_OPENART/1725_web_IMG_5753_1.webp
  尺寸: 2000x1333
  ✓ 400px: 8.2KB (webp) + 14.9KB (fallback)
  ✓ 960px: 33.3KB (webp) + 67.8KB (fallback)
  ✓ 1600px: 71.5KB (webp) + 159.4KB (fallback)

📸 处理: 02installation/02_034_chasing_a_little_past_OPENART/1725_web_IMG_5753_1.jpg
  尺寸: 2000x1333
  ✓ 400px: 8.1KB (webp) + 14.6KB (fallback)
  ✓ 960px: 37.3KB (webp) + 73.9KB (fallback)
  ✓ 1600px: 105.6KB (webp) + 216.6KB (fallback)

📸 处理: 02installation/02_034_chasing_a_little_past_OPENART/1725_web_IMG_5732.webp
  尺寸: 8192x5461
  ✓ 400px: 8.0KB (webp) + 14.6KB (fallback)
  ✓ 960px: 32.8KB (webp) + 69.0KB (fallback)
  ✓ 1600px: 93.9KB (webp) + 200.3KB (fallback)

📸 处理: 02installation/02_034_chasing_a_little_past_OPENART/1725_web_IMG_5732.jpg
  尺寸: 8192x5461
  ✓ 400px: 8.0KB (webp) + 14.7KB (fallback)
  ✓ 960px: 33.7KB (webp) + 69.1KB (fallback)
  ✓ 1600px: 88.5KB (webp) + 199.8KB (fallback)

📸 处理: 02installation/02_034_chasing_a_little_past_OPENART/1725_web_IMG_5721.webp
  尺寸: 2000x1333
  ✓ 400px: 11.7KB (webp) + 18.9KB (fallback)
  ✓ 960px: 46.1KB (webp) + 84.4KB (fallback)
  ✓ 1600px: 88.9KB (webp) + 182.4KB (fallback)

📸 处理: 02installation/02_034_chasing_a_little_past_OPENART/1725_web_IMG_5721.jpg
  尺寸: 2000x1333
  ✓ 400px: 11.5KB (webp) + 18.8KB (fallback)
  ✓ 960px: 51.7KB (webp) + 90.9KB (fallback)
  ✓ 1600px: 112.8KB (webp) + 228.9KB (fallback)

📸 处理: 02installation/02_034_chasing_a_little_past_OPENART/1725_web_IMG_5669.webp
  尺寸: 2000x1333
  ✓ 400px: 6.2KB (webp) + 12.2KB (fallback)
  ✓ 960px: 22.9KB (webp) + 50.4KB (fallback)
  ✓ 1600px: 44.9KB (webp) + 108.5KB (fallback)

📸 处理: 02installation/02_034_chasing_a_little_past_OPENART/1725_web_IMG_5669.jpg
  尺寸: 2000x1333
  ✓ 400px: 6.1KB (webp) + 12.0KB (fallback)
  ✓ 960px: 25.1KB (webp) + 54.3KB (fallback)
  ✓ 1600px: 58.9KB (webp) + 156.5KB (fallback)

📸 处理: 02installation/02_034_chasing_a_little_past_OPENART/1725_web_IMG_5629.webp
  尺寸: 2000x1333
  ✓ 400px: 10.9KB (webp) + 17.7KB (fallback)
  ✓ 960px: 41.0KB (webp) + 75.0KB (fallback)
  ✓ 1600px: 79.2KB (webp) + 159.8KB (fallback)

📸 处理: 02installation/02_034_chasing_a_little_past_OPENART/1725_web_IMG_5629.jpg
  尺寸: 2000x1333
  ✓ 400px: 10.8KB (webp) + 17.6KB (fallback)
  ✓ 960px: 45.7KB (webp) + 81.2KB (fallback)
  ✓ 1600px: 98.5KB (webp) + 210.1KB (fallback)

📸 处理: 02installation/02_034_chasing_a_little_past_OPENART/01_2523_webpic_IMG_5824_02.webp
  尺寸: 2000x1429
  ✓ 400px: 20.1KB (webp) + 28.6KB (fallback)
  ✓ 960px: 71.4KB (webp) + 121.0KB (fallback)
  ✓ 1600px: 150.9KB (webp) + 283.2KB (fallback)

📸 处理: 02installation/02_034_chasing_a_little_past_OPENART/01_2523_webpic_IMG_5824_02.jpg
  尺寸: 2000x1429
  ✓ 400px: 20.0KB (webp) + 28.5KB (fallback)
  ✓ 960px: 78.4KB (webp) + 127.4KB (fallback)
  ✓ 1600px: 209.0KB (webp) + 328.5KB (fallback)

📸 处理: 02installation/02_034_chasing_a_little_past_OPENART/00_2540_basic_16x9_IMG_5824_02.webp
  尺寸: 2000x1125
  ✓ 400px: 16.4KB (webp) + 23.6KB (fallback)
  ✓ 960px: 55.3KB (webp) + 95.9KB (fallback)
  ✓ 1600px: 113.5KB (webp) + 218.7KB (fallback)

📸 处理: 02installation/02_034_chasing_a_little_past_OPENART/00_2540_basic_16x9_IMG_5824_02.jpg
  尺寸: 2000x1125
  ✓ 400px: 16.5KB (webp) + 23.5KB (fallback)
  ✓ 960px: 61.6KB (webp) + 101.1KB (fallback)
  ✓ 1600px: 158.5KB (webp) + 255.8KB (fallback)

📸 处理: 02installation/02_033_chasing_a_little_past_LAD/1934_ipad_IMG_5314.webp
  尺寸: 1333x2000
  ✓ 400px: 12.1KB (webp) + 25.0KB (fallback)
  ✓ 960px: 36.3KB (webp) + 91.8KB (fallback)
  ⊘ 1600px: 跳过（原图太小）

📸 处理: 02installation/02_033_chasing_a_little_past_LAD/1934_ipad_IMG_5314.jpg
  尺寸: 1333x2000
  ✓ 400px: 13.6KB (webp) + 26.6KB (fallback)
  ✓ 960px: 42.6KB (webp) + 97.9KB (fallback)
  ⊘ 1600px: 跳过（原图太小）

📸 处理: 02installation/02_033_chasing_a_little_past_LAD/1934_ipad_IMG_5303.webp
  尺寸: 1333x2000
  ✓ 400px: 14.5KB (webp) + 27.1KB (fallback)
  ✓ 960px: 51.1KB (webp) + 112.6KB (fallback)
  ⊘ 1600px: 跳过（原图太小）

📸 处理: 02installation/02_033_chasing_a_little_past_LAD/1934_ipad_IMG_5303.jpg
  尺寸: 1333x2000
  ✓ 400px: 15.6KB (webp) + 28.7KB (fallback)
  ✓ 960px: 64.1KB (webp) + 123.9KB (fallback)
  ⊘ 1600px: 跳过（原图太小）

📸 处理: 02installation/02_033_chasing_a_little_past_LAD/1934_ipad_IMG_5294.webp
  尺寸: 2000x1333
  ✓ 400px: 7.4KB (webp) + 14.4KB (fallback)
  ✓ 960px: 28.8KB (webp) + 59.5KB (fallback)
  ✓ 1600px: 54.6KB (webp) + 127.7KB (fallback)

📸 处理: 02installation/02_033_chasing_a_little_past_LAD/1934_ipad_IMG_5294.jpg
  尺寸: 2000x1333
  ✓ 400px: 8.1KB (webp) + 15.0KB (fallback)
  ✓ 960px: 34.2KB (webp) + 65.1KB (fallback)
  ✓ 1600px: 74.9KB (webp) + 153.4KB (fallback)

📸 处理: 02installation/02_033_chasing_a_little_past_LAD/1934_ipad_IMG_5270.webp
  尺寸: 2000x1333
  ✓ 400px: 3.3KB (webp) + 8.3KB (fallback)
  ✓ 960px: 11.0KB (webp) + 30.0KB (fallback)
  ✓ 1600px: 21.3KB (webp) + 61.9KB (fallback)

📸 处理: 02installation/02_033_chasing_a_little_past_LAD/1934_ipad_IMG_5270.jpg
  尺寸: 2000x1333
  ✓ 400px: 3.4KB (webp) + 8.2KB (fallback)
  ✓ 960px: 12.1KB (webp) + 29.8KB (fallback)
  ✓ 1600px: 25.1KB (webp) + 69.3KB (fallback)

📸 处理: 02installation/02_033_chasing_a_little_past_LAD/1934_ipad_IMG_5266.webp
  尺寸: 1333x2000
  ✓ 400px: 11.0KB (webp) + 24.0KB (fallback)
  ✓ 960px: 40.6KB (webp) + 101.2KB (fallback)
  ⊘ 1600px: 跳过（原图太小）

📸 处理: 02installation/02_033_chasing_a_little_past_LAD/1934_ipad_IMG_5266.jpg
  尺寸: 1333x2000
  ✓ 400px: 12.0KB (webp) + 24.9KB (fallback)
  ✓ 960px: 48.4KB (webp) + 111.0KB (fallback)
  ⊘ 1600px: 跳过（原图太小）

📸 处理: 02installation/02_033_chasing_a_little_past_LAD/01_2523_webpic_IMG_5384.webp
  尺寸: 2000x1428
  ✓ 400px: 8.8KB (webp) + 15.4KB (fallback)
  ✓ 960px: 30.5KB (webp) + 60.8KB (fallback)
  ✓ 1600px: 58.0KB (webp) + 128.6KB (fallback)

📸 处理: 02installation/02_033_chasing_a_little_past_LAD/01_2523_webpic_IMG_5384.jpg
  尺寸: 2000x1428
  ✓ 400px: 8.9KB (webp) + 15.4KB (fallback)
  ✓ 960px: 33.3KB (webp) + 63.2KB (fallback)
  ✓ 1600px: 70.7KB (webp) + 144.4KB (fallback)

📸 处理: 02installation/02_033_chasing_a_little_past_LAD/00_2540_basic_16x9_IMG_5384.webp
  尺寸: 2000x1125
  ✓ 400px: 7.3KB (webp) + 12.8KB (fallback)
  ✓ 960px: 24.4KB (webp) + 48.3KB (fallback)
  ✓ 1600px: 45.2KB (webp) + 100.9KB (fallback)

📸 处理: 02installation/02_033_chasing_a_little_past_LAD/00_2540_basic_16x9_IMG_5384.jpg
  尺寸: 2000x1125
  ✓ 400px: 7.3KB (webp) + 12.6KB (fallback)
  ✓ 960px: 26.7KB (webp) + 50.1KB (fallback)
  ✓ 1600px: 56.6KB (webp) + 113.4KB (fallback)

📸 处理: 02installation/02_035_in_the_bush_NAKANOJYO/ipad_IMG_6435.webp
  尺寸: 2000x1333
  ✓ 400px: 5.9KB (webp) + 12.4KB (fallback)
  ✓ 960px: 20.3KB (webp) + 49.1KB (fallback)
  ✓ 1600px: 37.7KB (webp) + 99.2KB (fallback)

📸 处理: 02installation/02_035_in_the_bush_NAKANOJYO/ipad_IMG_6435.jpg
  尺寸: 2000x1333
  ✓ 400px: 6.0KB (webp) + 12.5KB (fallback)
  ✓ 960px: 22.4KB (webp) + 53.8KB (fallback)
  ✓ 1600px: 52.0KB (webp) + 136.9KB (fallback)

📸 处理: 02installation/02_035_in_the_bush_NAKANOJYO/ipad_IMG_6429.webp
  尺寸: 2000x1333
  ✓ 400px: 5.2KB (webp) + 10.9KB (fallback)
  ✓ 960px: 18.6KB (webp) + 42.6KB (fallback)
  ✓ 1600px: 35.0KB (webp) + 87.0KB (fallback)

📸 处理: 02installation/02_035_in_the_bush_NAKANOJYO/ipad_IMG_6429.jpg
  尺寸: 2000x1333
  ✓ 400px: 5.7KB (webp) + 11.5KB (fallback)
  ✓ 960px: 22.9KB (webp) + 49.4KB (fallback)
  ✓ 1600px: 49.2KB (webp) + 121.8KB (fallback)

📸 处理: 02installation/02_035_in_the_bush_NAKANOJYO/ipad_IMG_6422.webp
  尺寸: 2000x1333
  ✓ 400px: 10.2KB (webp) + 16.7KB (fallback)
  ✓ 960px: 40.3KB (webp) + 72.4KB (fallback)
  ✓ 1600px: 79.8KB (webp) + 157.9KB (fallback)

📸 处理: 02installation/02_035_in_the_bush_NAKANOJYO/ipad_IMG_6422.jpg
  尺寸: 2000x1333
  ✓ 400px: 10.9KB (webp) + 17.6KB (fallback)
  ✓ 960px: 47.9KB (webp) + 82.0KB (fallback)
  ✓ 1600px: 117.5KB (webp) + 213.6KB (fallback)

📸 处理: 02installation/02_035_in_the_bush_NAKANOJYO/ipad_IMG_6417.webp
  尺寸: 2000x1333
  ✓ 400px: 5.7KB (webp) + 12.1KB (fallback)
  ✓ 960px: 21.5KB (webp) + 50.2KB (fallback)
  ✓ 1600px: 42.3KB (webp) + 105.4KB (fallback)

📸 处理: 02installation/02_035_in_the_bush_NAKANOJYO/ipad_IMG_6417.jpg
  尺寸: 2000x1333
  ✓ 400px: 6.0KB (webp) + 12.6KB (fallback)
  ✓ 960px: 26.2KB (webp) + 57.6KB (fallback)
  ✓ 1600px: 65.9KB (webp) + 147.4KB (fallback)

📸 处理: 02installation/02_035_in_the_bush_NAKANOJYO/ipad_IMG_6409.webp
  尺寸: 2000x1333
  ✓ 400px: 5.3KB (webp) + 11.8KB (fallback)
  ✓ 960px: 23.3KB (webp) + 58.8KB (fallback)
  ✓ 1600px: 60.4KB (webp) + 159.8KB (fallback)

📸 处理: 02installation/02_035_in_the_bush_NAKANOJYO/ipad_IMG_6409.jpg
  尺寸: 2000x1333
  ✓ 400px: 6.0KB (webp) + 12.3KB (fallback)
  ✓ 960px: 28.1KB (webp) + 66.0KB (fallback)
  ✓ 1600px: 120.6KB (webp) + 218.6KB (fallback)

📸 处理: 02installation/02_035_in_the_bush_NAKANOJYO/ipad_IMG_6400.webp
  尺寸: 2000x1333
  ✓ 400px: 13.1KB (webp) + 21.0KB (fallback)
  ✓ 960px: 76.1KB (webp) + 114.4KB (fallback)
  ✓ 1600px: 187.2KB (webp) + 290.9KB (fallback)

📸 处理: 02installation/02_035_in_the_bush_NAKANOJYO/ipad_IMG_6400.jpg
  尺寸: 2000x1333
  ✓ 400px: 14.1KB (webp) + 21.7KB (fallback)
  ✓ 960px: 92.8KB (webp) + 129.4KB (fallback)
  ✓ 1600px: 260.6KB (webp) + 363.8KB (fallback)

📸 处理: 02installation/02_035_in_the_bush_NAKANOJYO/ipad_IMG_6386.webp
  尺寸: 2000x1333
  ✓ 400px: 14.1KB (webp) + 21.5KB (fallback)
  ✓ 960px: 99.5KB (webp) + 130.3KB (fallback)
  ✓ 1600px: 303.5KB (webp) + 382.0KB (fallback)

📸 处理: 02installation/02_035_in_the_bush_NAKANOJYO/ipad_IMG_6386.jpg
  尺寸: 2000x1333
  ✓ 400px: 14.8KB (webp) + 22.2KB (fallback)
  ✓ 960px: 120.6KB (webp) + 146.4KB (fallback)
  ✓ 1600px: 414.1KB (webp) + 469.3KB (fallback)

📸 处理: 02installation/02_035_in_the_bush_NAKANOJYO/ipad_IMG_6371.webp
  尺寸: 2000x1333
  ✓ 400px: 18.4KB (webp) + 26.4KB (fallback)
  ✓ 960px: 95.8KB (webp) + 136.0KB (fallback)
  ✓ 1600px: 231.1KB (webp) + 338.2KB (fallback)

📸 处理: 02installation/02_035_in_the_bush_NAKANOJYO/ipad_IMG_6371.jpg
  尺寸: 2000x1333
  ✓ 400px: 18.7KB (webp) + 26.4KB (fallback)
  ✓ 960px: 110.0KB (webp) + 148.2KB (fallback)
  ✓ 1600px: 297.2KB (webp) + 398.8KB (fallback)

📸 处理: 02installation/02_035_in_the_bush_NAKANOJYO/ipad_IMG_6367.webp
  尺寸: 2000x1333
  ✓ 400px: 11.2KB (webp) + 17.9KB (fallback)
  ✓ 960px: 47.1KB (webp) + 81.0KB (fallback)
  ✓ 1600px: 98.6KB (webp) + 183.9KB (fallback)

📸 处理: 02installation/02_035_in_the_bush_NAKANOJYO/ipad_IMG_6367.jpg
  尺寸: 2000x1333
  ✓ 400px: 12.1KB (webp) + 18.5KB (fallback)
  ✓ 960px: 56.1KB (webp) + 90.5KB (fallback)
  ✓ 1600px: 144.1KB (webp) + 236.8KB (fallback)

📸 处理: 02installation/02_035_in_the_bush_NAKANOJYO/01_2523_webpic_IMG_6367.webp
  尺寸: 2000x1428
  ✓ 400px: 13.0KB (webp) + 20.0KB (fallback)
  ✓ 960px: 50.1KB (webp) + 87.3KB (fallback)
  ✓ 1600px: 101.3KB (webp) + 190.8KB (fallback)

📸 处理: 02installation/02_035_in_the_bush_NAKANOJYO/01_2523_webpic_IMG_6367.jpg
  尺寸: 2000x1428
  ✓ 400px: 13.1KB (webp) + 20.2KB (fallback)
  ✓ 960px: 56.8KB (webp) + 94.8KB (fallback)
  ✓ 1600px: 132.5KB (webp) + 235.9KB (fallback)

📸 处理: 02installation/02_035_in_the_bush_NAKANOJYO/00_2540_basic_16x9_IMG_6367.webp
  尺寸: 2000x1125
  ✓ 400px: 11.7KB (webp) + 17.7KB (fallback)
  ✓ 960px: 45.7KB (webp) + 76.2KB (fallback)
  ✓ 1600px: 90.2KB (webp) + 166.0KB (fallback)

📸 处理: 02installation/02_035_in_the_bush_NAKANOJYO/00_2540_basic_16x9_IMG_6367.jpg
  尺寸: 2000x1125
  ✓ 400px: 11.7KB (webp) + 17.7KB (fallback)
  ✓ 960px: 51.4KB (webp) + 82.6KB (fallback)
  ✓ 1600px: 119.1KB (webp) + 204.3KB (fallback)

📸 处理: 02installation/02_032_chasing_a_little_past_titanik/2505_ipad_IMG_4788_02.webp
  尺寸: 1333x2000
  ✓ 400px: 11.2KB (webp) + 23.3KB (fallback)
  ✓ 960px: 41.2KB (webp) + 96.8KB (fallback)
  ⊘ 1600px: 跳过（原图太小）

📸 处理: 02installation/02_032_chasing_a_little_past_titanik/2505_ipad_IMG_4788_02.jpg
  尺寸: 1333x2000
  ✓ 400px: 11.8KB (webp) + 23.6KB (fallback)
  ✓ 960px: 49.0KB (webp) + 113.2KB (fallback)
  ⊘ 1600px: 跳过（原图太小）

📸 处理: 02installation/02_032_chasing_a_little_past_titanik/2505_ipad_IMG_4781_02.webp
  尺寸: 1333x2000
  ✓ 400px: 12.1KB (webp) + 24.3KB (fallback)
  ✓ 960px: 54.4KB (webp) + 115.7KB (fallback)
  ⊘ 1600px: 跳过（原图太小）

📸 处理: 02installation/02_032_chasing_a_little_past_titanik/2505_ipad_IMG_4781_02.jpg
  尺寸: 1333x2000
  ✓ 400px: 12.5KB (webp) + 25.1KB (fallback)
  ✓ 960px: 66.5KB (webp) + 129.1KB (fallback)
  ⊘ 1600px: 跳过（原图太小）

📸 处理: 02installation/02_032_chasing_a_little_past_titanik/2505_ipad_IMG_4751.webp
  尺寸: 2000x1333
  ✓ 400px: 3.9KB (webp) + 9.1KB (fallback)
  ✓ 960px: 12.4KB (webp) + 35.0KB (fallback)
  ✓ 1600px: 24.1KB (webp) + 72.0KB (fallback)

📸 处理: 02installation/02_032_chasing_a_little_past_titanik/2505_ipad_IMG_4751.jpg
  尺寸: 2000x1333
  ✓ 400px: 3.9KB (webp) + 8.8KB (fallback)
  ✓ 960px: 12.9KB (webp) + 35.7KB (fallback)
  ✓ 1600px: 32.2KB (webp) + 102.0KB (fallback)

📸 处理: 02installation/02_032_chasing_a_little_past_titanik/2505_ipad_IMG_4721.webp
  尺寸: 1333x2000
  ✓ 400px: 14.8KB (webp) + 29.2KB (fallback)
  ✓ 960px: 49.7KB (webp) + 118.3KB (fallback)
  ⊘ 1600px: 跳过（原图太小）

📸 处理: 02installation/02_032_chasing_a_little_past_titanik/2505_ipad_IMG_4721.jpg
  尺寸: 1333x2000
  ✓ 400px: 15.4KB (webp) + 29.9KB (fallback)
  ✓ 960px: 57.8KB (webp) + 128.6KB (fallback)
  ⊘ 1600px: 跳过（原图太小）

📸 处理: 02installation/02_032_chasing_a_little_past_titanik/2505_ipad_IMG_4696.webp
  尺寸: 2000x1333
  ✓ 400px: 4.6KB (webp) + 10.5KB (fallback)
  ✓ 960px: 15.7KB (webp) + 41.4KB (fallback)
  ✓ 1600px: 30.3KB (webp) + 84.9KB (fallback)

📸 处理: 02installation/02_032_chasing_a_little_past_titanik/2505_ipad_IMG_4696.jpg
  尺寸: 2000x1333
  ✓ 400px: 4.6KB (webp) + 10.3KB (fallback)
  ✓ 960px: 17.6KB (webp) + 44.3KB (fallback)
  ✓ 1600px: 38.7KB (webp) + 118.3KB (fallback)

📸 处理: 02installation/02_032_chasing_a_little_past_titanik/2505_ipad_IMG_4658.webp
  尺寸: 2000x1333
  ✓ 400px: 2.2KB (webp) + 5.6KB (fallback)
  ✓ 960px: 8.0KB (webp) + 20.1KB (fallback)
  ✓ 1600px: 17.1KB (webp) + 43.8KB (fallback)

📸 处理: 02installation/02_032_chasing_a_little_past_titanik/2505_ipad_IMG_4658.jpg
  尺寸: 2000x1333
  ✓ 400px: 2.1KB (webp) + 5.4KB (fallback)
  ✓ 960px: 8.5KB (webp) + 22.0KB (fallback)
  ✓ 1600px: 19.9KB (webp) + 65.8KB (fallback)

📸 处理: 02installation/02_032_chasing_a_little_past_titanik/2505_ipad_IMG_4645.webp
  尺寸: 2000x1333
  ✓ 400px: 9.6KB (webp) + 17.1KB (fallback)
  ✓ 960px: 39.3KB (webp) + 81.9KB (fallback)
  ✓ 1600px: 74.7KB (webp) + 171.6KB (fallback)

📸 处理: 02installation/02_032_chasing_a_little_past_titanik/2505_ipad_IMG_4645.jpg
  尺寸: 2000x1333
  ✓ 400px: 10.1KB (webp) + 17.7KB (fallback)
  ✓ 960px: 50.3KB (webp) + 92.5KB (fallback)
  ✓ 1600px: 105.7KB (webp) + 225.3KB (fallback)

📸 处理: 02installation/02_032_chasing_a_little_past_titanik/2505_ipad_IMG_4502.webp
  尺寸: 2000x1333
  ✓ 400px: 7.6KB (webp) + 14.3KB (fallback)
  ✓ 960px: 28.6KB (webp) + 59.6KB (fallback)
  ✓ 1600px: 59.3KB (webp) + 131.3KB (fallback)

📸 处理: 02installation/02_032_chasing_a_little_past_titanik/2505_ipad_IMG_4502.jpg
  尺寸: 2000x1333
  ✓ 400px: 7.6KB (webp) + 14.1KB (fallback)
  ✓ 960px: 32.6KB (webp) + 64.0KB (fallback)
  ✓ 1600px: 81.4KB (webp) + 169.8KB (fallback)

📸 处理: 02installation/02_032_chasing_a_little_past_titanik/2505_ipad_IMG_4483.webp
  尺寸: 2000x1333
  ✓ 400px: 6.5KB (webp) + 12.9KB (fallback)
  ✓ 960px: 28.0KB (webp) + 59.6KB (fallback)
  ✓ 1600px: 69.2KB (webp) + 147.6KB (fallback)

📸 处理: 02installation/02_032_chasing_a_little_past_titanik/2505_ipad_IMG_4483.jpg
  尺寸: 2000x1333
  ✓ 400px: 6.4KB (webp) + 12.6KB (fallback)
  ✓ 960px: 30.7KB (webp) + 63.0KB (fallback)
  ✓ 1600px: 101.2KB (webp) + 186.0KB (fallback)

📸 处理: 02installation/02_032_chasing_a_little_past_titanik/01_2236_web_IMG_4412_installation_000.webp
  尺寸: 1866x1333
  ✓ 400px: 6.8KB (webp) + 12.8KB (fallback)
  ✓ 960px: 20.7KB (webp) + 47.6KB (fallback)
  ✓ 1600px: 37.9KB (webp) + 94.5KB (fallback)

📸 处理: 02installation/02_032_chasing_a_little_past_titanik/01_2236_web_IMG_4412_installation_000.jpg
  尺寸: 1866x1333
  ✓ 400px: 7.0KB (webp) + 12.9KB (fallback)
  ✓ 960px: 22.7KB (webp) + 50.0KB (fallback)
  ✓ 1600px: 44.3KB (webp) + 111.5KB (fallback)

📸 处理: 02installation/02_032_chasing_a_little_past_titanik/00_2540_basic_16x9_IMG_4412_installation_000.webp
  尺寸: 2000x1125
  ✓ 400px: 5.1KB (webp) + 9.8KB (fallback)
  ✓ 960px: 15.2KB (webp) + 35.1KB (fallback)
  ✓ 1600px: 27.6KB (webp) + 68.8KB (fallback)

📸 处理: 02installation/02_032_chasing_a_little_past_titanik/00_2540_basic_16x9_IMG_4412_installation_000.jpg
  尺寸: 2000x1125
  ✓ 400px: 4.9KB (webp) + 9.5KB (fallback)
  ✓ 960px: 16.6KB (webp) + 36.5KB (fallback)
  ✓ 1600px: 31.5KB (webp) + 79.0KB (fallback)

📸 处理: 02installation/02_031_chasing_a_little_past_ostrale/2004_ipad_s_IMG_3578.webp
  尺寸: 1125x1500
  ✓ 400px: 13.8KB (webp) + 26.6KB (fallback)
  ✓ 960px: 61.5KB (webp) + 128.6KB (fallback)
  ⊘ 1600px: 跳过（原图太小）

📸 处理: 02installation/02_031_chasing_a_little_past_ostrale/2004_ipad_s_IMG_3578.jpg
  尺寸: 1125x1500
  ✓ 400px: 15.4KB (webp) + 28.5KB (fallback)
  ✓ 960px: 110.8KB (webp) + 173.2KB (fallback)
  ⊘ 1600px: 跳过（原图太小）

📸 处理: 02installation/02_031_chasing_a_little_past_ostrale/1934_ipad_IMG_4068.webp
  尺寸: 2067x1378
  ✓ 400px: 11.4KB (webp) + 18.3KB (fallback)
  ✓ 960px: 68.9KB (webp) + 107.1KB (fallback)
  ✓ 1600px: 203.1KB (webp) + 309.0KB (fallback)

📸 处理: 02installation/02_031_chasing_a_little_past_ostrale/1934_ipad_IMG_4068.jpg
  尺寸: 2067x1378
  ✓ 400px: 11.3KB (webp) + 18.0KB (fallback)
  ✓ 960px: 75.4KB (webp) + 112.6KB (fallback)
  ✓ 1600px: 284.2KB (webp) + 362.9KB (fallback)

📸 处理: 02installation/02_031_chasing_a_little_past_ostrale/1934_ipad_IMG_3980.webp
  尺寸: 1378x2067
  ✓ 400px: 11.9KB (webp) + 22.9KB (fallback)
  ✓ 960px: 41.6KB (webp) + 89.3KB (fallback)
  ⊘ 1600px: 跳过（原图太小）

📸 处理: 02installation/02_031_chasing_a_little_past_ostrale/1934_ipad_IMG_3980.jpg
  尺寸: 1378x2067
  ✓ 400px: 12.6KB (webp) + 23.7KB (fallback)
  ✓ 960px: 46.9KB (webp) + 117.2KB (fallback)
  ⊘ 1600px: 跳过（原图太小）

📸 处理: 02installation/02_031_chasing_a_little_past_ostrale/1934_ipad_IMG_3880.webp
  尺寸: 2067x1378
  ✓ 400px: 8.1KB (webp) + 14.8KB (fallback)
  ✓ 960px: 37.7KB (webp) + 68.2KB (fallback)
  ✓ 1600px: 87.1KB (webp) + 163.5KB (fallback)

📸 处理: 02installation/02_031_chasing_a_little_past_ostrale/1934_ipad_IMG_3880.jpg
  尺寸: 2067x1378
  ✓ 400px: 8.2KB (webp) + 14.9KB (fallback)
  ✓ 960px: 41.5KB (webp) + 73.5KB (fallback)
  ✓ 1600px: 117.6KB (webp) + 217.8KB (fallback)

📸 处理: 02installation/02_031_chasing_a_little_past_ostrale/1934_ipad_IMG_3685.webp
  尺寸: 2067x1550
  ✓ 400px: 12.8KB (webp) + 21.7KB (fallback)
  ✓ 960px: 60.8KB (webp) + 106.8KB (fallback)
  ✓ 1600px: 150.2KB (webp) + 277.9KB (fallback)

📸 处理: 02installation/02_031_chasing_a_little_past_ostrale/1934_ipad_IMG_3685.jpg
  尺寸: 2067x1550
  ✓ 400px: 13.0KB (webp) + 21.7KB (fallback)
  ✓ 960px: 67.8KB (webp) + 113.5KB (fallback)
  ✓ 1600px: 228.0KB (webp) + 334.5KB (fallback)

📸 处理: 02installation/02_031_chasing_a_little_past_ostrale/1934_ipad_IMG_3556.webp
  尺寸: 1378x2067
  ✓ 400px: 8.7KB (webp) + 23.0KB (fallback)
  ✓ 960px: 104.0KB (webp) + 171.5KB (fallback)
  ⊘ 1600px: 跳过（原图太小）

📸 处理: 02installation/02_031_chasing_a_little_past_ostrale/1934_ipad_IMG_3556.jpg
  尺寸: 1378x2067
  ✓ 400px: 8.6KB (webp) + 22.5KB (fallback)
  ✓ 960px: 146.7KB (webp) + 198.7KB (fallback)
  ⊘ 1600px: 跳过（原图太小）

📸 处理: 02installation/02_031_chasing_a_little_past_ostrale/01_2523_webpic_IMG_3602_installation_000.jpg
  尺寸: 2000x1428
  ✓ 400px: 10.7KB (webp) + 18.5KB (fallback)
  ✓ 960px: 47.7KB (webp) + 90.2KB (fallback)
  ✓ 1600px: 135.1KB (webp) + 257.4KB (fallback)

📸 处理: 02installation/02_031_chasing_a_little_past_ostrale/00_2540_basic_IMG_3602.jpg
  尺寸: 2000x1125
  ✓ 400px: 8.3KB (webp) + 14.4KB (fallback)
  ✓ 960px: 32.1KB (webp) + 65.0KB (fallback)
  ✓ 1600px: 78.5KB (webp) + 173.0KB (fallback)

📸 处理: 02installation/02_031_chasing_a_little_past_ostrale/00_2540_basic_16x9_IMG_3602.webp
  尺寸: 2000x1125
  ✓ 400px: 8.3KB (webp) + 14.5KB (fallback)
  ✓ 960px: 29.4KB (webp) + 61.9KB (fallback)
  ✓ 1600px: 62.7KB (webp) + 148.2KB (fallback)

📸 处理: 02installation/02_031_chasing_a_little_past_ostrale/00_2523_webpic_IMG_3602_installation_000.webp
  尺寸: 2000x1428
  ✓ 400px: 10.7KB (webp) + 18.6KB (fallback)
  ✓ 960px: 42.8KB (webp) + 84.7KB (fallback)
  ✓ 1600px: 99.4KB (webp) + 215.0KB (fallback)

📸 处理: 02installation/02_030_blink3_to_forget_NAKANOJYO/2523_webpic_IMG_3255.webp
  尺寸: 1333x2000
  ✓ 400px: 24.8KB (webp) + 39.3KB (fallback)
  ✓ 960px: 82.3KB (webp) + 150.8KB (fallback)
  ⊘ 1600px: 跳过（原图太小）

📸 处理: 02installation/02_030_blink3_to_forget_NAKANOJYO/2523_webpic_IMG_3255.jpg
  尺寸: 1333x2000
  ✓ 400px: 26.4KB (webp) + 40.6KB (fallback)
  ✓ 960px: 94.3KB (webp) + 169.8KB (fallback)
  ⊘ 1600px: 跳过（原图太小）

📸 处理: 02installation/02_030_blink3_to_forget_NAKANOJYO/2523_webpic_IMG_3230.webp
  尺寸: 1333x2000
  ✓ 400px: 13.8KB (webp) + 27.0KB (fallback)
  ✓ 960px: 48.1KB (webp) + 114.5KB (fallback)
  ⊘ 1600px: 跳过（原图太小）

📸 处理: 02installation/02_030_blink3_to_forget_NAKANOJYO/2523_webpic_IMG_3230.jpg
  尺寸: 1333x2000
  ✓ 400px: 14.5KB (webp) + 28.4KB (fallback)
  ✓ 960px: 58.3KB (webp) + 145.5KB (fallback)
  ⊘ 1600px: 跳过（原图太小）

📸 处理: 02installation/02_030_blink3_to_forget_NAKANOJYO/2523_webpic_IMG_3135.webp
  尺寸: 2000x1333
  ✓ 400px: 18.5KB (webp) + 27.3KB (fallback)
  ✓ 960px: 60.5KB (webp) + 104.3KB (fallback)
  ✓ 1600px: 110.8KB (webp) + 217.2KB (fallback)

📸 处理: 02installation/02_030_blink3_to_forget_NAKANOJYO/2523_webpic_IMG_3135.jpg
  尺寸: 2000x1333
  ✓ 400px: 18.5KB (webp) + 27.3KB (fallback)
  ✓ 960px: 65.6KB (webp) + 109.4KB (fallback)
  ✓ 1600px: 133.1KB (webp) + 251.9KB (fallback)

📸 处理: 02installation/02_030_blink3_to_forget_NAKANOJYO/2523_webpic_IMG_3100.webp
  尺寸: 2000x1333
  ✓ 400px: 18.6KB (webp) + 25.8KB (fallback)
  ✓ 960px: 71.5KB (webp) + 114.5KB (fallback)
  ✓ 1600px: 136.9KB (webp) + 248.2KB (fallback)

📸 处理: 02installation/02_030_blink3_to_forget_NAKANOJYO/2523_webpic_IMG_3100.jpg
  尺寸: 2000x1333
  ✓ 400px: 18.7KB (webp) + 25.8KB (fallback)
  ✓ 960px: 82.8KB (webp) + 123.8KB (fallback)
  ✓ 1600px: 176.2KB (webp) + 295.2KB (fallback)

📸 处理: 02installation/02_030_blink3_to_forget_NAKANOJYO/2523_webpic_IMG_3040.webp
  尺寸: 2000x1333
  ✓ 400px: 16.6KB (webp) + 24.1KB (fallback)
  ✓ 960px: 64.8KB (webp) + 104.6KB (fallback)
  ✓ 1600px: 129.1KB (webp) + 228.1KB (fallback)

📸 处理: 02installation/02_030_blink3_to_forget_NAKANOJYO/2523_webpic_IMG_3040.jpg
  尺寸: 2000x1333
  ✓ 400px: 16.3KB (webp) + 24.0KB (fallback)
  ✓ 960px: 72.2KB (webp) + 112.4KB (fallback)
  ✓ 1600px: 160.7KB (webp) + 267.4KB (fallback)

📸 处理: 02installation/02_030_blink3_to_forget_NAKANOJYO/01_2523_webpic_IMG_3030.webp
  尺寸: 5242x3744
  ✓ 400px: 23.3KB (webp) + 31.3KB (fallback)
  ✓ 960px: 96.1KB (webp) + 145.2KB (fallback)
  ✓ 1600px: 207.8KB (webp) + 338.3KB (fallback)

📸 处理: 02installation/02_030_blink3_to_forget_NAKANOJYO/01_2523_webpic_IMG_3030.jpg
  尺寸: 5242x3744
  ✓ 400px: 23.4KB (webp) + 31.1KB (fallback)
  ✓ 960px: 98.6KB (webp) + 146.8KB (fallback)
  ✓ 1600px: 221.8KB (webp) + 351.6KB (fallback)

📸 处理: 02installation/02_030_blink3_to_forget_NAKANOJYO/00_2540_basic_16x9_IMG_3030.webp
  尺寸: 2000x1125
  ✓ 400px: 18.6KB (webp) + 25.4KB (fallback)
  ✓ 960px: 74.4KB (webp) + 113.2KB (fallback)
  ✓ 1600px: 143.3KB (webp) + 245.6KB (fallback)

📸 处理: 02installation/02_030_blink3_to_forget_NAKANOJYO/00_2540_basic_16x9_IMG_3030.jpg
  尺寸: 2000x1125
  ✓ 400px: 18.6KB (webp) + 25.0KB (fallback)
  ✓ 960px: 83.0KB (webp) + 121.3KB (fallback)
  ✓ 1600px: 180.1KB (webp) + 283.2KB (fallback)

📸 处理: 02installation/02_029_never_talk_in_the_garden_TWS_HONGO/Screenshot 2023-06-30 at 1.33.12 PM.webp
  尺寸: 1294x1622
  ✓ 400px: 4.7KB (webp) + 14.8KB (fallback)
  ✓ 960px: 15.1KB (webp) + 53.5KB (fallback)
  ⊘ 1600px: 跳过（原图太小）

📸 处理: 02installation/02_029_never_talk_in_the_garden_TWS_HONGO/Screenshot 2023-06-30 at 1.33.12 PM.jpeg
  尺寸: 1294x1622
  ✓ 400px: 5.0KB (webp) + 15.3KB (fallback)
  ✓ 960px: 16.0KB (webp) + 55.0KB (fallback)
  ⊘ 1600px: 跳过（原图太小）

📸 处理: 02installation/02_029_never_talk_in_the_garden_TWS_HONGO/Screenshot 2023-06-30 at 1.33.02 PM.webp
  尺寸: 1296x1620
  ✓ 400px: 7.5KB (webp) + 19.0KB (fallback)
  ✓ 960px: 21.2KB (webp) + 65.4KB (fallback)
  ⊘ 1600px: 跳过（原图太小）

📸 处理: 02installation/02_029_never_talk_in_the_garden_TWS_HONGO/Screenshot 2023-06-30 at 1.33.02 PM.png
  尺寸: 1296x1620
  ✓ 400px: 8.1KB (webp) + 76.0KB (fallback)
  ✓ 960px: 22.3KB (webp) + 301.8KB (fallback)
  ⊘ 1600px: 跳过（原图太小）

📸 处理: 02installation/02_029_never_talk_in_the_garden_TWS_HONGO/01_2523_webpic_Screenshot_01_A.webp
  尺寸: 2696x1925
  ✓ 400px: 5.3KB (webp) + 11.5KB (fallback)
  ✓ 960px: 15.8KB (webp) + 42.6KB (fallback)
  ✓ 1600px: 29.5KB (webp) + 89.0KB (fallback)

📸 处理: 02installation/02_029_never_talk_in_the_garden_TWS_HONGO/01_2523_webpic_Screenshot_01_A.jpg
  尺寸: 2696x1925
  ✓ 400px: 5.5KB (webp) + 11.5KB (fallback)
  ✓ 960px: 16.6KB (webp) + 42.7KB (fallback)
  ✓ 1600px: 30.6KB (webp) + 87.8KB (fallback)

📸 处理: 02installation/02_029_never_talk_in_the_garden_TWS_HONGO/00_2540_basic_16x9_Screenshot_01_A.webp
  尺寸: 2000x1125
  ✓ 400px: 5.1KB (webp) + 10.4KB (fallback)
  ✓ 960px: 14.5KB (webp) + 37.5KB (fallback)
  ✓ 1600px: 25.5KB (webp) + 73.8KB (fallback)

📸 处理: 02installation/02_029_never_talk_in_the_garden_TWS_HONGO/00_2540_basic_16x9_Screenshot_01_A.jpg
  尺寸: 2000x1125
  ✓ 400px: 5.2KB (webp) + 10.4KB (fallback)
  ✓ 960px: 15.5KB (webp) + 38.0KB (fallback)
  ✓ 1600px: 28.6KB (webp) + 79.4KB (fallback)

📸 处理: 02installation/02_027_charsing_little_pasts_TWS /1934_ipad_IMG_2145.webp
  尺寸: 2000x1333
  ✓ 400px: 11.0KB (webp) + 18.7KB (fallback)
  ✓ 960px: 43.8KB (webp) + 81.6KB (fallback)
  ✓ 1600px: 89.2KB (webp) + 181.3KB (fallback)

📸 处理: 02installation/02_027_charsing_little_pasts_TWS /1934_ipad_IMG_2145.jpg
  尺寸: 2000x1333
  ✓ 400px: 11.7KB (webp) + 19.5KB (fallback)
  ✓ 960px: 53.3KB (webp) + 92.9KB (fallback)
  ✓ 1600px: 140.3KB (webp) + 251.0KB (fallback)

📸 处理: 02installation/02_027_charsing_little_pasts_TWS /1934_ipad_IMG_2142.webp
  尺寸: 2000x1333
  ✓ 400px: 13.2KB (webp) + 20.4KB (fallback)
  ✓ 960px: 76.0KB (webp) + 115.2KB (fallback)
  ✓ 1600px: 164.9KB (webp) + 281.9KB (fallback)

📸 处理: 02installation/02_027_charsing_little_pasts_TWS /1934_ipad_IMG_2142.jpg
  尺寸: 2000x1333
  ✓ 400px: 15.0KB (webp) + 21.8KB (fallback)
  ✓ 960px: 100.1KB (webp) + 134.4KB (fallback)
  ✓ 1600px: 254.5KB (webp) + 357.0KB (fallback)

📸 处理: 02installation/02_027_charsing_little_pasts_TWS /1934_ipad_IMG_2130.webp
  尺寸: 2000x2000
  ✓ 400px: 5.4KB (webp) + 13.2KB (fallback)
  ✓ 960px: 16.5KB (webp) + 52.2KB (fallback)
  ✓ 1600px: 35.2KB (webp) + 133.6KB (fallback)

📸 处理: 02installation/02_027_charsing_little_pasts_TWS /1934_ipad_IMG_2130.jpg
  尺寸: 2000x2000
  ✓ 400px: 5.8KB (webp) + 13.7KB (fallback)
  ✓ 960px: 18.0KB (webp) + 60.1KB (fallback)
  ✓ 1600px: 94.1KB (webp) + 237.1KB (fallback)

📸 处理: 02installation/02_027_charsing_little_pasts_TWS /1934_ipad_IMG_2110.webp
  尺寸: 2000x1333
  ✓ 400px: 7.6KB (webp) + 14.5KB (fallback)
  ✓ 960px: 24.1KB (webp) + 56.5KB (fallback)
  ✓ 1600px: 48.0KB (webp) + 135.5KB (fallback)

📸 处理: 02installation/02_027_charsing_little_pasts_TWS /1934_ipad_IMG_2110.jpg
  尺寸: 2000x1333
  ✓ 400px: 8.2KB (webp) + 15.2KB (fallback)
  ✓ 960px: 28.1KB (webp) + 64.1KB (fallback)
  ✓ 1600px: 97.1KB (webp) + 206.2KB (fallback)

📸 处理: 02installation/02_027_charsing_little_pasts_TWS /1934_ipad_IMG_2102.webp
  尺寸: 2000x1333
  ✓ 400px: 5.2KB (webp) + 10.3KB (fallback)
  ✓ 960px: 17.2KB (webp) + 38.3KB (fallback)
  ✓ 1600px: 32.8KB (webp) + 78.6KB (fallback)

📸 处理: 02installation/02_027_charsing_little_pasts_TWS /1934_ipad_IMG_2102.jpg
  尺寸: 2000x1333
  ✓ 400px: 5.9KB (webp) + 11.2KB (fallback)
  ✓ 960px: 20.3KB (webp) + 44.3KB (fallback)
  ✓ 1600px: 42.8KB (webp) + 128.0KB (fallback)

📸 处理: 02installation/02_027_charsing_little_pasts_TWS /1934_ipad_IMG_2071.webp
  尺寸: 2000x3001
  ✓ 400px: 13.8KB (webp) + 28.1KB (fallback)
  ✓ 960px: 47.6KB (webp) + 108.5KB (fallback)
  ✓ 1600px: 92.8KB (webp) + 227.2KB (fallback)

📸 处理: 02installation/02_027_charsing_little_pasts_TWS /1934_ipad_IMG_2071.jpg
  尺寸: 2000x3001
  ✓ 400px: 15.7KB (webp) + 30.7KB (fallback)
  ✓ 960px: 58.2KB (webp) + 128.6KB (fallback)
  ✓ 1600px: 143.7KB (webp) + 363.2KB (fallback)

📸 处理: 02installation/02_027_charsing_little_pasts_TWS /1934_ipad_IMG_2061.webp
  尺寸: 2000x1333
  ✓ 400px: 12.4KB (webp) + 20.7KB (fallback)
  ✓ 960px: 40.6KB (webp) + 80.6KB (fallback)
  ✓ 1600px: 73.0KB (webp) + 165.0KB (fallback)

📸 处理: 02installation/02_027_charsing_little_pasts_TWS /1934_ipad_IMG_2061.jpg
  尺寸: 2000x1333
  ✓ 400px: 13.3KB (webp) + 21.5KB (fallback)
  ✓ 960px: 48.6KB (webp) + 90.2KB (fallback)
  ✓ 1600px: 98.7KB (webp) + 219.8KB (fallback)

📸 处理: 02installation/02_027_charsing_little_pasts_TWS /1934_ipad_IMG_2055.webp
  尺寸: 2000x1333
  ✓ 400px: 15.7KB (webp) + 23.9KB (fallback)
  ✓ 960px: 78.9KB (webp) + 124.0KB (fallback)
  ✓ 1600px: 170.4KB (webp) + 298.3KB (fallback)

📸 处理: 02installation/02_027_charsing_little_pasts_TWS /1934_ipad_IMG_2055.jpg
  尺寸: 2000x1333
  ✓ 400px: 16.7KB (webp) + 24.9KB (fallback)
  ✓ 960px: 101.9KB (webp) + 143.8KB (fallback)
  ✓ 1600px: 252.7KB (webp) + 372.9KB (fallback)

📸 处理: 02installation/02_027_charsing_little_pasts_TWS /1934_ipad_IMG_1971.webp
  尺寸: 2000x1333
  ✓ 400px: 6.6KB (webp) + 13.8KB (fallback)
  ✓ 960px: 28.2KB (webp) + 61.8KB (fallback)
  ✓ 1600px: 57.4KB (webp) + 134.7KB (fallback)

📸 处理: 02installation/02_027_charsing_little_pasts_TWS /1934_ipad_IMG_1971.jpg
  尺寸: 2000x1333
  ✓ 400px: 7.6KB (webp) + 15.0KB (fallback)
  ✓ 960px: 35.3KB (webp) + 70.8KB (fallback)
  ✓ 1600px: 84.3KB (webp) + 178.2KB (fallback)

📸 处理: 02installation/02_027_charsing_little_pasts_TWS /1934_ipad_IMG_1953.webp
  尺寸: 2000x1333
  ✓ 400px: 9.9KB (webp) + 18.4KB (fallback)
  ✓ 960px: 40.0KB (webp) + 81.3KB (fallback)
  ✓ 1600px: 80.8KB (webp) + 174.9KB (fallback)

📸 处理: 02installation/02_027_charsing_little_pasts_TWS /1934_ipad_IMG_1953.jpg
  尺寸: 2000x1333
  ✓ 400px: 11.6KB (webp) + 20.0KB (fallback)
  ✓ 960px: 51.6KB (webp) + 94.0KB (fallback)
  ✓ 1600px: 119.9KB (webp) + 234.2KB (fallback)

📸 处理: 02installation/02_027_charsing_little_pasts_TWS /1934_ipad_IMG_1917.webp
  尺寸: 2000x1333
  ✓ 400px: 5.9KB (webp) + 12.2KB (fallback)
  ✓ 960px: 20.2KB (webp) + 48.3KB (fallback)
  ✓ 1600px: 37.1KB (webp) + 100.4KB (fallback)

📸 处理: 02installation/02_027_charsing_little_pasts_TWS /1934_ipad_IMG_1917.jpg
  尺寸: 2000x1333
  ✓ 400px: 6.4KB (webp) + 12.6KB (fallback)
  ✓ 960px: 24.1KB (webp) + 53.4KB (fallback)
  ✓ 1600px: 49.9KB (webp) + 134.5KB (fallback)

📸 处理: 02installation/02_027_charsing_little_pasts_TWS /1934_ipad_IMG_1908.webp
  尺寸: 2000x1333
  ✓ 400px: 5.8KB (webp) + 11.5KB (fallback)
  ✓ 960px: 25.6KB (webp) + 52.5KB (fallback)
  ✓ 1600px: 55.2KB (webp) + 120.4KB (fallback)

📸 处理: 02installation/02_027_charsing_little_pasts_TWS /1934_ipad_IMG_1908.jpg
  尺寸: 2000x1333
  ✓ 400px: 6.3KB (webp) + 12.3KB (fallback)
  ✓ 960px: 33.0KB (webp) + 61.2KB (fallback)
  ✓ 1600px: 85.4KB (webp) + 163.7KB (fallback)

📸 处理: 02installation/02_027_charsing_little_pasts_TWS /01_2236_webpic_IMG_1890_installation_000.jpg
  尺寸: 2000x1414
  ✓ 400px: 17.0KB (webp) + 25.5KB (fallback)
  ✓ 960px: 75.5KB (webp) + 122.2KB (fallback)
  ✓ 1600px: 166.5KB (webp) + 296.5KB (fallback)

📸 处理: 02installation/02_027_charsing_little_pasts_TWS /00_2540_basic_16x9_IMG_1890.webp
  尺寸: 2000x1125
  ✓ 400px: 14.6KB (webp) + 21.3KB (fallback)
  ✓ 960px: 53.9KB (webp) + 91.9KB (fallback)
  ✓ 1600px: 98.3KB (webp) + 195.5KB (fallback)

📸 处理: 02installation/02_027_charsing_little_pasts_TWS /00_2540_basic_16x9_IMG_1890.jpg
  尺寸: 2000x1125
  ✓ 400px: 14.4KB (webp) + 21.1KB (fallback)
  ✓ 960px: 59.1KB (webp) + 97.2KB (fallback)
  ✓ 1600px: 119.4KB (webp) + 222.7KB (fallback)

📸 处理: 02installation/02_027_charsing_little_pasts_TWS /00_2236_webpic_IMG_1890_installation_000.webp
  尺寸: 2000x1414
  ✓ 400px: 17.3KB (webp) + 25.9KB (fallback)
  ✓ 960px: 69.1KB (webp) + 115.7KB (fallback)
  ✓ 1600px: 137.3KB (webp) + 259.6KB (fallback)

📸 处理: 02installation/02_025_i_m_just_a_dog_TWS/2526_webpic_IMG_1746_02.webp
  尺寸: 2000x1333
  ✓ 400px: 10.1KB (webp) + 17.1KB (fallback)
  ✓ 960px: 45.5KB (webp) + 83.9KB (fallback)
  ✓ 1600px: 106.7KB (webp) + 211.1KB (fallback)

📸 处理: 02installation/02_025_i_m_just_a_dog_TWS/2526_webpic_IMG_1746_02.jpg
  尺寸: 2000x1333
  ✓ 400px: 10.1KB (webp) + 16.9KB (fallback)
  ✓ 960px: 50.6KB (webp) + 92.0KB (fallback)
  ✓ 1600px: 155.9KB (webp) + 270.0KB (fallback)

📸 处理: 02installation/02_025_i_m_just_a_dog_TWS/2526_webpic_IMG_1636_02.webp
  尺寸: 2000x1434
  ✓ 400px: 4.9KB (webp) + 10.3KB (fallback)
  ✓ 960px: 17.7KB (webp) + 41.7KB (fallback)
  ✓ 1600px: 35.4KB (webp) + 86.3KB (fallback)

📸 处理: 02installation/02_025_i_m_just_a_dog_TWS/2526_webpic_IMG_1636_02.jpg
  尺寸: 2000x1434
  ✓ 400px: 5.0KB (webp) + 10.5KB (fallback)
  ✓ 960px: 20.6KB (webp) + 45.5KB (fallback)
  ✓ 1600px: 46.3KB (webp) + 115.2KB (fallback)

📸 处理: 02installation/02_025_i_m_just_a_dog_TWS/2526_webpic_IMG_1609.webp
  尺寸: 2000x1333
  ✓ 400px: 8.3KB (webp) + 15.6KB (fallback)
  ✓ 960px: 33.5KB (webp) + 70.6KB (fallback)
  ✓ 1600px: 69.2KB (webp) + 163.1KB (fallback)

📸 处理: 02installation/02_025_i_m_just_a_dog_TWS/2526_webpic_IMG_1609.jpg
  尺寸: 2000x1333
  ✓ 400px: 8.3KB (webp) + 15.4KB (fallback)
  ✓ 960px: 36.7KB (webp) + 77.3KB (fallback)
  ✓ 1600px: 97.9KB (webp) + 220.1KB (fallback)

📸 处理: 02installation/02_025_i_m_just_a_dog_TWS/2526_webpic_IMG_1600.webp
  尺寸: 2000x1333
  ✓ 400px: 6.5KB (webp) + 13.4KB (fallback)
  ✓ 960px: 24.8KB (webp) + 57.3KB (fallback)
  ✓ 1600px: 49.0KB (webp) + 125.9KB (fallback)

📸 处理: 02installation/02_025_i_m_just_a_dog_TWS/2526_webpic_IMG_1600.jpg
  尺寸: 2000x1333
  ✓ 400px: 6.4KB (webp) + 13.3KB (fallback)
  ✓ 960px: 27.9KB (webp) + 62.4KB (fallback)
  ✓ 1600px: 68.7KB (webp) + 170.3KB (fallback)

📸 处理: 02installation/02_025_i_m_just_a_dog_TWS/2526_webpic_IMG_1588.webp
  尺寸: 2000x1333
  ✓ 400px: 3.7KB (webp) + 8.5KB (fallback)
  ✓ 960px: 17.4KB (webp) + 38.0KB (fallback)
  ✓ 1600px: 38.2KB (webp) + 87.7KB (fallback)

📸 处理: 02installation/02_025_i_m_just_a_dog_TWS/2526_webpic_IMG_1588.jpg
  尺寸: 2000x1333
  ✓ 400px: 3.7KB (webp) + 8.5KB (fallback)
  ✓ 960px: 19.8KB (webp) + 41.1KB (fallback)
  ✓ 1600px: 50.9KB (webp) + 110.3KB (fallback)

📸 处理: 02installation/02_025_i_m_just_a_dog_TWS/01_2526_webpic_IMG_1510_02.jpg
  尺寸: 2000x1434
  ✓ 400px: 9.9KB (webp) + 17.9KB (fallback)
  ✓ 960px: 36.6KB (webp) + 74.8KB (fallback)
  ✓ 1600px: 76.9KB (webp) + 184.0KB (fallback)

📸 处理: 02installation/02_025_i_m_just_a_dog_TWS/00_2540_basic_16x9_IMG_1510.webp
  尺寸: 2000x1125
  ✓ 400px: 8.3KB (webp) + 15.0KB (fallback)
  ✓ 960px: 28.0KB (webp) + 56.6KB (fallback)
  ✓ 1600px: 51.5KB (webp) + 117.7KB (fallback)

📸 处理: 02installation/02_025_i_m_just_a_dog_TWS/00_2540_basic_16x9_IMG_1510.jpg
  尺寸: 2000x1125
  ✓ 400px: 8.2KB (webp) + 15.0KB (fallback)
  ✓ 960px: 30.8KB (webp) + 60.2KB (fallback)
  ✓ 1600px: 63.8KB (webp) + 145.2KB (fallback)

📸 处理: 02installation/02_025_i_m_just_a_dog_TWS/00_2526_webpic_IMG_1510_02.webp
  尺寸: 2000x1434
  ✓ 400px: 10.0KB (webp) + 17.9KB (fallback)
  ✓ 960px: 33.8KB (webp) + 70.6KB (fallback)
  ✓ 1600px: 64.7KB (webp) + 151.4KB (fallback)

📸 处理: 02installation/02_024_still_sign_with_water_TWS/1449_webpic_IMG_1496.webp
  尺寸: 2000x1333
  ✓ 400px: 6.6KB (webp) + 12.7KB (fallback)
  ✓ 960px: 23.6KB (webp) + 51.8KB (fallback)
  ✓ 1600px: 43.9KB (webp) + 102.4KB (fallback)

📸 处理: 02installation/02_024_still_sign_with_water_TWS/1449_webpic_IMG_1496.jpg
  尺寸: 2000x1333
  ✓ 400px: 6.8KB (webp) + 13.1KB (fallback)
  ✓ 960px: 27.6KB (webp) + 56.5KB (fallback)
  ✓ 1600px: 56.1KB (webp) + 132.6KB (fallback)

📸 处理: 02installation/02_024_still_sign_with_water_TWS/1449_webpic_IMG_1466.webp
  尺寸: 2000x1333
  ✓ 400px: 5.7KB (webp) + 11.2KB (fallback)
  ✓ 960px: 24.9KB (webp) + 49.1KB (fallback)
  ✓ 1600px: 52.0KB (webp) + 113.1KB (fallback)

📸 处理: 02installation/02_024_still_sign_with_water_TWS/1449_webpic_IMG_1466.jpg
  尺寸: 2000x1333
  ✓ 400px: 5.6KB (webp) + 11.1KB (fallback)
  ✓ 960px: 28.4KB (webp) + 53.3KB (fallback)
  ✓ 1600px: 71.8KB (webp) + 150.4KB (fallback)

📸 处理: 02installation/02_024_still_sign_with_water_TWS/1449_webpic_IMG_1369.webp
  尺寸: 2000x1333
  ✓ 400px: 6.2KB (webp) + 12.6KB (fallback)
  ✓ 960px: 26.2KB (webp) + 54.5KB (fallback)
  ✓ 1600px: 55.3KB (webp) + 121.6KB (fallback)

📸 处理: 02installation/02_024_still_sign_with_water_TWS/1449_webpic_IMG_1369.jpg
  尺寸: 2000x1333
  ✓ 400px: 6.2KB (webp) + 12.6KB (fallback)
  ✓ 960px: 29.3KB (webp) + 59.2KB (fallback)
  ✓ 1600px: 73.8KB (webp) + 159.0KB (fallback)

📸 处理: 02installation/02_024_still_sign_with_water_TWS/1449_webpic_IMG_1222.webp
  尺寸: 2000x1333
  ✓ 400px: 3.5KB (webp) + 7.8KB (fallback)
  ✓ 960px: 12.8KB (webp) + 31.5KB (fallback)
  ✓ 1600px: 26.8KB (webp) + 66.9KB (fallback)

📸 处理: 02installation/02_024_still_sign_with_water_TWS/1449_webpic_IMG_1222.jpg
  尺寸: 2000x1333
  ✓ 400px: 3.5KB (webp) + 7.8KB (fallback)
  ✓ 960px: 14.7KB (webp) + 35.1KB (fallback)
  ✓ 1600px: 35.2KB (webp) + 100.3KB (fallback)

📸 处理: 02installation/02_024_still_sign_with_water_TWS/1449_webpic_IMG_1101.webp
  尺寸: 2000x1333
  ✓ 400px: 3.3KB (webp) + 7.9KB (fallback)
  ✓ 960px: 12.3KB (webp) + 31.4KB (fallback)
  ✓ 1600px: 23.0KB (webp) + 63.8KB (fallback)

📸 处理: 02installation/02_024_still_sign_with_water_TWS/1449_webpic_IMG_1101.jpg
  尺寸: 2000x1333
  ✓ 400px: 3.4KB (webp) + 8.0KB (fallback)
  ✓ 960px: 13.6KB (webp) + 34.3KB (fallback)
  ✓ 1600px: 29.0KB (webp) + 84.1KB (fallback)

📸 处理: 02installation/02_024_still_sign_with_water_TWS/01_2526_webpic_IMG_1115.jpg
  尺寸: 2000x1429
  ✓ 400px: 5.7KB (webp) + 11.1KB (fallback)
  ✓ 960px: 27.0KB (webp) + 54.7KB (fallback)
  ✓ 1600px: 68.2KB (webp) + 143.2KB (fallback)

📸 处理: 02installation/02_024_still_sign_with_water_TWS/00_2540_basic_16x9_IMG_1115.webp
  尺寸: 2000x1125
  ✓ 400px: 6.0KB (webp) + 10.9KB (fallback)
  ✓ 960px: 24.2KB (webp) + 46.8KB (fallback)
  ✓ 1600px: 50.9KB (webp) + 106.3KB (fallback)

📸 处理: 02installation/02_024_still_sign_with_water_TWS/00_2540_basic_16x9_IMG_1115.jpg
  尺寸: 2000x1125
  ✓ 400px: 5.9KB (webp) + 10.9KB (fallback)
  ✓ 960px: 27.4KB (webp) + 51.9KB (fallback)
  ✓ 1600px: 70.3KB (webp) + 138.9KB (fallback)

📸 处理: 02installation/02_024_still_sign_with_water_TWS/00_2526_webpic_IMG_1115.webp
  尺寸: 2000x1429
  ✓ 400px: 5.8KB (webp) + 11.2KB (fallback)
  ✓ 960px: 24.4KB (webp) + 50.7KB (fallback)
  ✓ 1600px: 53.5KB (webp) + 116.6KB (fallback)

📸 处理: 02installation/02_023_i_m_just_a_dog_superbien!/1423_ipad_IMG_0960.webp
  尺寸: 2303x1535
  ✓ 400px: 7.8KB (webp) + 15.6KB (fallback)
  ✓ 960px: 31.9KB (webp) + 69.2KB (fallback)
  ✓ 1600px: 71.4KB (webp) + 167.8KB (fallback)

📸 处理: 02installation/02_023_i_m_just_a_dog_superbien!/1423_ipad_IMG_0960.jpg
  尺寸: 2303x1535
  ✓ 400px: 7.8KB (webp) + 15.6KB (fallback)
  ✓ 960px: 34.7KB (webp) + 73.1KB (fallback)
  ✓ 1600px: 90.6KB (webp) + 195.8KB (fallback)

📸 处理: 02installation/02_023_i_m_just_a_dog_superbien!/1423_ipad_IMG_0853.jpg
  尺寸: 2000x1333
  ✓ 400px: 7.7KB (webp) + 15.4KB (fallback)
  ✓ 960px: 26.2KB (webp) + 60.0KB (fallback)
  ✓ 1600px: 52.4KB (webp) + 138.1KB (fallback)

📸 处理: 02installation/02_023_i_m_just_a_dog_superbien!/1423_ipad_IMG_0791_02.jpg
  尺寸: 2000x1333
  ✓ 400px: 10.1KB (webp) + 19.0KB (fallback)
  ✓ 960px: 39.8KB (webp) + 83.6KB (fallback)
  ✓ 1600px: 83.7KB (webp) + 193.3KB (fallback)

📸 处理: 02installation/02_023_i_m_just_a_dog_superbien!/01_2527_webpic_IMG_1025.jpg
  尺寸: 2000x1428
  ✓ 400px: 12.3KB (webp) + 20.9KB (fallback)
  ✓ 960px: 58.3KB (webp) + 105.5KB (fallback)
  ✓ 1600px: 136.2KB (webp) + 267.0KB (fallback)

📸 处理: 02installation/02_023_i_m_just_a_dog_superbien!/00_2540_basic_16x9_IMG_1025.webp
  尺寸: 2000x1125
  ✓ 400px: 11.2KB (webp) + 18.1KB (fallback)
  ✓ 960px: 45.2KB (webp) + 83.4KB (fallback)
  ✓ 1600px: 89.7KB (webp) + 187.1KB (fallback)

📸 处理: 02installation/02_023_i_m_just_a_dog_superbien!/00_2540_basic_16x9_IMG_1025.jpg
  尺寸: 2000x1125
  ✓ 400px: 11.2KB (webp) + 18.1KB (fallback)
  ✓ 960px: 51.8KB (webp) + 90.7KB (fallback)
  ✓ 1600px: 119.4KB (webp) + 228.7KB (fallback)

📸 处理: 02installation/02_023_i_m_just_a_dog_superbien!/00_2527_webpic_IMG_1025.webp
  尺寸: 2000x1428
  ✓ 400px: 12.3KB (webp) + 20.9KB (fallback)
  ✓ 960px: 51.4KB (webp) + 98.3KB (fallback)
  ✓ 1600px: 109.1KB (webp) + 230.6KB (fallback)

📸 处理: 02sculpture/01_images/S_2022/2527_webpic_IMG_0772.webp
  尺寸: 1600x2000
  ✓ 400px: 16.7KB (webp) + 28.9KB (fallback)
  ✓ 960px: 69.9KB (webp) + 138.8KB (fallback)
  ⊘ 1600px: 跳过（原图太小）

📸 处理: 02sculpture/01_images/S_2022/2527_webpic_IMG_0772.jpg
  尺寸: 1600x2000
  ✓ 400px: 17.2KB (webp) + 29.5KB (fallback)
  ✓ 960px: 88.4KB (webp) + 160.9KB (fallback)
  ⊘ 1600px: 跳过（原图太小）

📸 处理: 02sculpture/01_images/S_2022/2527_webpic_IMG_0757_03.webp
  尺寸: 1600x2000
  ✓ 400px: 3.0KB (webp) + 9.0KB (fallback)
  ✓ 960px: 12.6KB (webp) + 42.5KB (fallback)
  ⊘ 1600px: 跳过（原图太小）

📸 处理: 02sculpture/01_images/S_2022/2527_webpic_IMG_0757_03.jpg
  尺寸: 1600x2000
  ✓ 400px: 2.9KB (webp) + 9.3KB (fallback)
  ✓ 960px: 16.3KB (webp) + 63.9KB (fallback)
  ⊘ 1600px: 跳过（原图太小）

📸 处理: 02sculpture/01_images/S_2017/2527_webpic_IMG_5573.webp
  尺寸: 1600x2000
  ✓ 400px: 5.3KB (webp) + 13.6KB (fallback)
  ✓ 960px: 20.5KB (webp) + 55.5KB (fallback)
  ⊘ 1600px: 跳过（原图太小）

📸 处理: 02sculpture/01_images/S_2017/2527_webpic_IMG_5573.jpg
  尺寸: 1600x2000
  ✓ 400px: 5.4KB (webp) + 14.0KB (fallback)
  ✓ 960px: 24.1KB (webp) + 65.0KB (fallback)
  ⊘ 1600px: 跳过（原图太小）

📸 处理: 02sculpture/01_images/S_2017/2527_webpic_IMG_5562.webp
  尺寸: 1600x2000
  ✓ 400px: 4.5KB (webp) + 10.7KB (fallback)
  ✓ 960px: 17.9KB (webp) + 45.1KB (fallback)
  ⊘ 1600px: 跳过（原图太小）

📸 处理: 02sculpture/01_images/S_2017/2527_webpic_IMG_5562.jpg
  尺寸: 1600x2000
  ✓ 400px: 4.7KB (webp) + 10.8KB (fallback)
  ✓ 960px: 20.6KB (webp) + 51.4KB (fallback)
  ⊘ 1600px: 跳过（原图太小）

📸 处理: 02sculpture/01_images/S_2017/2527_webpic_IMG_5545.webp
  尺寸: 1600x2000
  ✓ 400px: 4.1KB (webp) + 10.2KB (fallback)
  ✓ 960px: 16.8KB (webp) + 44.1KB (fallback)
  ⊘ 1600px: 跳过（原图太小）

📸 处理: 02sculpture/01_images/S_2017/2527_webpic_IMG_5545.jpg
  尺寸: 1600x2000
  ✓ 400px: 4.2KB (webp) + 10.3KB (fallback)
  ✓ 960px: 19.4KB (webp) + 51.7KB (fallback)
  ⊘ 1600px: 跳过（原图太小）

📸 处理: 02drawing/01_images/D_2023/2504_ipad_2351_drawing_06.webp
  尺寸: 1503x2000
  ✓ 400px: 9.3KB (webp) + 21.7KB (fallback)
  ✓ 960px: 32.0KB (webp) + 91.6KB (fallback)
  ⊘ 1600px: 跳过（原图太小）

📸 处理: 02drawing/01_images/D_2023/2504_ipad_2351_drawing_06.jpg
  尺寸: 1503x2000
  ✓ 400px: 9.6KB (webp) + 21.9KB (fallback)
  ✓ 960px: 39.4KB (webp) + 118.0KB (fallback)
  ⊘ 1600px: 跳过（原图太小）

📸 处理: 02drawing/01_images/D_2023/2504_ipad_2351_drawing_05.webp
  尺寸: 1503x2000
  ✓ 400px: 8.7KB (webp) + 20.0KB (fallback)
  ✓ 960px: 31.0KB (webp) + 89.7KB (fallback)
  ⊘ 1600px: 跳过（原图太小）

📸 处理: 02drawing/01_images/D_2023/2504_ipad_2351_drawing_05.jpg
  尺寸: 1503x2000
  ✓ 400px: 8.9KB (webp) + 20.6KB (fallback)
  ✓ 960px: 38.1KB (webp) + 117.1KB (fallback)
  ⊘ 1600px: 跳过（原图太小）

📸 处理: 02drawing/01_images/D_2023/2504_ipad_2351_drawing_04.webp
  尺寸: 1503x2000
  ✓ 400px: 8.1KB (webp) + 21.9KB (fallback)
  ✓ 960px: 37.7KB (webp) + 105.6KB (fallback)
  ⊘ 1600px: 跳过（原图太小）

📸 处理: 02drawing/01_images/D_2023/2504_ipad_2351_drawing_04.jpg
  尺寸: 1503x2000
  ✓ 400px: 8.6KB (webp) + 22.5KB (fallback)
  ✓ 960px: 48.7KB (webp) + 129.9KB (fallback)
  ⊘ 1600px: 跳过（原图太小）

📸 处理: 02drawing/01_images/D_2023/2504_ipad_2351_drawing_03.webp
  尺寸: 1499x2000
  ✓ 400px: 10.1KB (webp) + 24.7KB (fallback)
  ✓ 960px: 45.9KB (webp) + 122.2KB (fallback)
  ⊘ 1600px: 跳过（原图太小）

📸 处理: 02drawing/01_images/D_2023/2504_ipad_2351_drawing_03.jpg
  尺寸: 1499x2000
  ✓ 400px: 10.5KB (webp) + 25.2KB (fallback)
  ✓ 960px: 59.8KB (webp) + 147.4KB (fallback)
  ⊘ 1600px: 跳过（原图太小）

📸 处理: 02drawing/01_images/D_2023/2504_ipad_2351_drawing_02.webp
  尺寸: 1499x2000
  ✓ 400px: 9.8KB (webp) + 24.6KB (fallback)
  ✓ 960px: 46.3KB (webp) + 125.6KB (fallback)
  ⊘ 1600px: 跳过（原图太小）

📸 处理: 02drawing/01_images/D_2023/2504_ipad_2351_drawing_02.jpg
  尺寸: 1499x2000
  ✓ 400px: 10.2KB (webp) + 25.1KB (fallback)
  ✓ 960px: 60.8KB (webp) + 149.4KB (fallback)
  ⊘ 1600px: 跳过（原图太小）

📸 处理: 02drawing/01_images/D_2023/2504_ipad_2351_drawing_01.webp
  尺寸: 1491x2000
  ✓ 400px: 9.7KB (webp) + 24.1KB (fallback)
  ✓ 960px: 41.0KB (webp) + 113.5KB (fallback)
  ⊘ 1600px: 跳过（原图太小）

📸 处理: 02drawing/01_images/D_2023/2504_ipad_2351_drawing_01.jpg
  尺寸: 1491x2000
  ✓ 400px: 10.1KB (webp) + 24.6KB (fallback)
  ✓ 960px: 51.5KB (webp) + 138.3KB (fallback)
  ⊘ 1600px: 跳过（原图太小）

📸 处理: 02drawing/01_images/D_2023/2501_web_IMG_8733_02.webp
  尺寸: 2000x1433
  ✓ 400px: 11.6KB (webp) + 20.6KB (fallback)
  ✓ 960px: 58.1KB (webp) + 110.0KB (fallback)
  ✓ 1600px: 132.2KB (webp) + 267.0KB (fallback)

📸 处理: 02drawing/01_images/D_2023/2501_web_IMG_8733_02.jpg
  尺寸: 2000x1433
  ✓ 400px: 11.2KB (webp) + 20.2KB (fallback)
  ✓ 960px: 69.3KB (webp) + 120.1KB (fallback)
  ✓ 1600px: 191.3KB (webp) + 331.7KB (fallback)

📸 处理: 02drawing/01_images/D_2023/2501_web_IMG_8727_02.webp
  尺寸: 2000x1432
  ✓ 400px: 13.5KB (webp) + 22.8KB (fallback)
  ✓ 960px: 62.5KB (webp) + 115.6KB (fallback)
  ✓ 1600px: 127.5KB (webp) + 267.1KB (fallback)

📸 处理: 02drawing/01_images/D_2023/2501_web_IMG_8727_02.jpg
  尺寸: 2000x1432
  ✓ 400px: 13.5KB (webp) + 22.4KB (fallback)
  ✓ 960px: 72.2KB (webp) + 125.9KB (fallback)
  ✓ 1600px: 183.1KB (webp) + 334.5KB (fallback)

📸 处理: 02drawing/01_images/D_2023/2501_web_IMG_8721_02.webp
  尺寸: 2000x1427
  ✓ 400px: 12.0KB (webp) + 20.5KB (fallback)
  ✓ 960px: 57.6KB (webp) + 110.0KB (fallback)
  ✓ 1600px: 132.4KB (webp) + 266.3KB (fallback)

📸 处理: 02drawing/01_images/D_2023/2501_web_IMG_8721_02.jpg
  尺寸: 2000x1427
  ✓ 400px: 11.3KB (webp) + 19.9KB (fallback)
  ✓ 960px: 67.2KB (webp) + 118.6KB (fallback)
  ✓ 1600px: 187.3KB (webp) + 329.0KB (fallback)

📸 处理: 02drawing/01_images/D_2021/2521_webpic_IMG_8612.webp
  尺寸: 1999x2000
  ✓ 400px: 13.4KB (webp) + 25.4KB (fallback)
  ✓ 960px: 70.4KB (webp) + 138.9KB (fallback)
  ✓ 1600px: 207.0KB (webp) + 385.5KB (fallback)

📸 处理: 02drawing/01_images/D_2021/2521_webpic_IMG_8612.jpg
  尺寸: 1999x2000
  ✓ 400px: 13.7KB (webp) + 25.9KB (fallback)
  ✓ 960px: 80.6KB (webp) + 148.7KB (fallback)
  ✓ 1600px: 302.4KB (webp) + 460.1KB (fallback)

📸 处理: 02drawing/01_images/D_2021/2521_webpic_IMG_8608.webp
  尺寸: 1379x2000
  ✓ 400px: 22.3KB (webp) + 39.6KB (fallback)
  ✓ 960px: 142.1KB (webp) + 233.3KB (fallback)
  ⊘ 1600px: 跳过（原图太小）

📸 处理: 02drawing/01_images/D_2021/2521_webpic_IMG_8608.jpg
  尺寸: 1379x2000
  ✓ 400px: 23.7KB (webp) + 40.8KB (fallback)
  ✓ 960px: 188.7KB (webp) + 263.3KB (fallback)
  ⊘ 1600px: 跳过（原图太小）

📸 处理: 02drawing/01_images/D_2021/2521_webpic_IMG_8600.webp
  尺寸: 1376x2000
  ✓ 400px: 25.0KB (webp) + 42.1KB (fallback)
  ✓ 960px: 142.3KB (webp) + 238.4KB (fallback)
  ⊘ 1600px: 跳过（原图太小）

📸 处理: 02drawing/01_images/D_2021/2521_webpic_IMG_8600.jpg
  尺寸: 1376x2000
  ✓ 400px: 26.5KB (webp) + 43.3KB (fallback)
  ✓ 960px: 185.3KB (webp) + 267.2KB (fallback)
  ⊘ 1600px: 跳过（原图太小）

📸 处理: 02drawing/01_images/D_2019/1939_ipad_IMG_7941.webp
  尺寸: 1568x2000
  ✓ 400px: 11.1KB (webp) + 24.0KB (fallback)
  ✓ 960px: 58.2KB (webp) + 129.5KB (fallback)
  ⊘ 1600px: 跳过（原图太小）

📸 处理: 02drawing/01_images/D_2019/1939_ipad_IMG_7941.jpg
  尺寸: 1568x2000
  ✓ 400px: 11.8KB (webp) + 25.0KB (fallback)
  ✓ 960px: 76.5KB (webp) + 153.0KB (fallback)
  ⊘ 1600px: 跳过（原图太小）

📸 处理: 02drawing/01_images/D_2019/1939_ipad_IMG_7742.webp
  尺寸: 1384x2000
  ✓ 400px: 11.2KB (webp) + 25.1KB (fallback)
  ✓ 960px: 62.6KB (webp) + 145.5KB (fallback)
  ⊘ 1600px: 跳过（原图太小）

📸 处理: 02drawing/01_images/D_2019/1939_ipad_IMG_7742.jpg
  尺寸: 1384x2000
  ✓ 400px: 12.1KB (webp) + 26.3KB (fallback)
  ✓ 960px: 95.2KB (webp) + 180.4KB (fallback)
  ⊘ 1600px: 跳过（原图太小）

📸 处理: 02drawing/01_images/D_2019/1939_ipad_IMG_7715.webp
  尺寸: 2000x1418
  ✓ 400px: 5.2KB (webp) + 11.7KB (fallback)
  ✓ 960px: 32.6KB (webp) + 74.1KB (fallback)
  ✓ 1600px: 100.8KB (webp) + 217.0KB (fallback)

📸 处理: 02drawing/01_images/D_2019/1939_ipad_IMG_7715.jpg
  尺寸: 2000x1418
  ✓ 400px: 5.0KB (webp) + 11.7KB (fallback)
  ✓ 960px: 37.8KB (webp) + 80.9KB (fallback)
  ✓ 1600px: 171.8KB (webp) + 268.7KB (fallback)

📸 处理: 02drawing/01_images/D_2019/1938_ipad_IMG_7929.webp
  尺寸: 1582x2000
  ✓ 400px: 12.4KB (webp) + 26.3KB (fallback)
  ✓ 960px: 74.0KB (webp) + 150.8KB (fallback)
  ⊘ 1600px: 跳过（原图太小）

📸 处理: 02drawing/01_images/D_2019/1938_ipad_IMG_7929.jpg
  尺寸: 1582x2000
  ✓ 400px: 13.0KB (webp) + 27.5KB (fallback)
  ✓ 960px: 99.6KB (webp) + 176.5KB (fallback)
  ⊘ 1600px: 跳过（原图太小）

📸 处理: 02drawing/01_images/D_2019/1938_ipad_IMG_7923.webp
  尺寸: 1590x2000
  ✓ 400px: 9.7KB (webp) + 22.0KB (fallback)
  ✓ 960px: 57.6KB (webp) + 128.7KB (fallback)
  ⊘ 1600px: 跳过（原图太小）

📸 处理: 02drawing/01_images/D_2019/1938_ipad_IMG_7923.jpg
  尺寸: 1590x2000
  ✓ 400px: 10.1KB (webp) + 22.8KB (fallback)
  ✓ 960px: 79.4KB (webp) + 151.1KB (fallback)
  ⊘ 1600px: 跳过（原图太小）

📸 处理: 02drawing/01_images/D_2019/1938_ipad_IMG_7909.webp
  尺寸: 2000x2004
  ✓ 400px: 26.1KB (webp) + 36.9KB (fallback)
  ✓ 960px: 125.5KB (webp) + 190.4KB (fallback)
  ✓ 1600px: 284.6KB (webp) + 467.2KB (fallback)

📸 处理: 02drawing/01_images/D_2019/1938_ipad_IMG_7909.jpg
  尺寸: 2000x2004
  ✓ 400px: 27.0KB (webp) + 37.5KB (fallback)
  ✓ 960px: 150.2KB (webp) + 209.8KB (fallback)
  ✓ 1600px: 400.8KB (webp) + 555.1KB (fallback)

📸 处理: 02drawing/01_images/D_2019/1938_ipad_IMG_7902.webp
  尺寸: 1397x2000
  ✓ 400px: 29.6KB (webp) + 49.4KB (fallback)
  ✓ 960px: 138.0KB (webp) + 234.0KB (fallback)
  ⊘ 1600px: 跳过（原图太小）

📸 处理: 02drawing/01_images/D_2019/1938_ipad_IMG_7902.jpg
  尺寸: 1397x2000
  ✓ 400px: 31.7KB (webp) + 51.2KB (fallback)
  ✓ 960px: 177.1KB (webp) + 268.9KB (fallback)
  ⊘ 1600px: 跳过（原图太小）

📸 处理: 02drawing/01_images/D_2019/1938_ipad_IMG_7897.webp
  尺寸: 2000x2004
  ✓ 400px: 19.2KB (webp) + 29.8KB (fallback)
  ✓ 960px: 101.5KB (webp) + 160.9KB (fallback)
  ✓ 1600px: 222.5KB (webp) + 398.8KB (fallback)

📸 处理: 02drawing/01_images/D_2019/1938_ipad_IMG_7897.jpg
  尺寸: 2000x2004
  ✓ 400px: 19.0KB (webp) + 30.0KB (fallback)
  ✓ 960px: 128.0KB (webp) + 180.2KB (fallback)
  ✓ 1600px: 345.2KB (webp) + 492.2KB (fallback)

📸 处理: 02drawing/01_images/D_2019/1938_ipad_IMG_7893.webp
  尺寸: 2000x1398
  ✓ 400px: 13.9KB (webp) + 21.4KB (fallback)
  ✓ 960px: 83.1KB (webp) + 122.4KB (fallback)
  ✓ 1600px: 207.4KB (webp) + 322.7KB (fallback)

📸 处理: 02drawing/01_images/D_2019/1938_ipad_IMG_7893.jpg
  尺寸: 2000x1398
  ✓ 400px: 13.8KB (webp) + 21.3KB (fallback)
  ✓ 960px: 96.8KB (webp) + 132.7KB (fallback)
  ✓ 1600px: 281.5KB (webp) + 380.8KB (fallback)

📸 处理: 02drawing/01_images/D_2019/1938_ipad_IMG_7887.webp
  尺寸: 1344x2000
  ✓ 400px: 13.9KB (webp) + 30.0KB (fallback)
  ✓ 960px: 95.7KB (webp) + 184.4KB (fallback)
  ⊘ 1600px: 跳过（原图太小）

📸 处理: 02drawing/01_images/D_2019/1938_ipad_IMG_7887.jpg
  尺寸: 1344x2000
  ✓ 400px: 15.3KB (webp) + 30.7KB (fallback)
  ✓ 960px: 132.2KB (webp) + 217.8KB (fallback)
  ⊘ 1600px: 跳过（原图太小）

📸 处理: 02drawing/01_images/D_2016/2521_webpic_drawing_IMG_3892.webp
  尺寸: 1538x2000
  ✓ 400px: 7.6KB (webp) + 15.5KB (fallback)
  ✓ 960px: 36.2KB (webp) + 77.8KB (fallback)
  ⊘ 1600px: 跳过（原图太小）

📸 处理: 02drawing/01_images/D_2016/2521_webpic_drawing_IMG_3892.jpg
  尺寸: 1538x2000
  ✓ 400px: 7.5KB (webp) + 15.4KB (fallback)
  ✓ 960px: 44.3KB (webp) + 90.8KB (fallback)
  ⊘ 1600px: 跳过（原图太小）

📸 处理: 02drawing/01_images/D_2016/2521_webpic_drawing_IMG_3891.webp
  尺寸: 1429x2000
  ✓ 400px: 13.9KB (webp) + 24.1KB (fallback)
  ✓ 960px: 53.0KB (webp) + 113.7KB (fallback)
  ⊘ 1600px: 跳过（原图太小）

📸 处理: 02drawing/01_images/D_2016/2521_webpic_drawing_IMG_3891.jpg
  尺寸: 1429x2000
  ✓ 400px: 14.5KB (webp) + 24.5KB (fallback)
  ✓ 960px: 63.2KB (webp) + 140.0KB (fallback)
  ⊘ 1600px: 跳过（原图太小）

📸 处理: 02drawing/01_images/D_2022/2521_webpic_IMG_8715.webp
  尺寸: 2000x2000
  ✓ 400px: 16.6KB (webp) + 26.0KB (fallback)
  ✓ 960px: 110.9KB (webp) + 159.9KB (fallback)
  ✓ 1600px: 253.1KB (webp) + 397.6KB (fallback)

📸 处理: 02drawing/01_images/D_2022/2521_webpic_IMG_8715.jpg
  尺寸: 2000x2000
  ✓ 400px: 16.3KB (webp) + 25.7KB (fallback)
  ✓ 960px: 121.0KB (webp) + 171.8KB (fallback)
  ✓ 1600px: 321.1KB (webp) + 476.8KB (fallback)

📸 处理: 02drawing/01_images/D_2022/2521_webpic_IMG_8712.webp
  尺寸: 2000x2000
  ✓ 400px: 19.9KB (webp) + 28.7KB (fallback)
  ✓ 960px: 129.8KB (webp) + 178.8KB (fallback)
  ✓ 1600px: 343.4KB (webp) + 470.3KB (fallback)

📸 处理: 02drawing/01_images/D_2022/2521_webpic_IMG_8712.jpg
  尺寸: 2000x2000
  ✓ 400px: 18.5KB (webp) + 27.8KB (fallback)
  ✓ 960px: 135.6KB (webp) + 187.3KB (fallback)
  ✓ 1600px: 417.4KB (webp) + 550.5KB (fallback)

📸 处理: 02drawing/01_images/D_2022/2521_webpic_IMG_8710.webp
  尺寸: 1970x2000
  ✓ 400px: 12.5KB (webp) + 25.7KB (fallback)
  ✓ 960px: 51.0KB (webp) + 117.3KB (fallback)
  ✓ 1600px: 103.3KB (webp) + 253.7KB (fallback)

📸 处理: 02drawing/01_images/D_2022/2521_webpic_IMG_8710.jpg
  尺寸: 1970x2000
  ✓ 400px: 13.2KB (webp) + 26.3KB (fallback)
  ✓ 960px: 59.1KB (webp) + 130.5KB (fallback)
  ✓ 1600px: 151.2KB (webp) + 349.9KB (fallback)

📸 处理: 02drawing/01_images/D_2022/2521_webpic_IMG_8707.webp
  尺寸: 1970x2000
  ✓ 400px: 10.7KB (webp) + 22.6KB (fallback)
  ✓ 960px: 45.7KB (webp) + 110.8KB (fallback)
  ✓ 1600px: 100.2KB (webp) + 253.9KB (fallback)

📸 处理: 02drawing/01_images/D_2022/2521_webpic_IMG_8707.jpg
  尺寸: 1970x2000
  ✓ 400px: 11.1KB (webp) + 23.3KB (fallback)
  ✓ 960px: 53.2KB (webp) + 123.6KB (fallback)
  ✓ 1600px: 159.2KB (webp) + 357.5KB (fallback)

📸 处理: 02drawing/01_images/D_2022/2521_webpic_IMG_8652.webp
  尺寸: 1484x2000
  ✓ 400px: 29.5KB (webp) + 43.3KB (fallback)
  ✓ 960px: 222.5KB (webp) + 285.0KB (fallback)
  ⊘ 1600px: 跳过（原图太小）

📸 处理: 02drawing/01_images/D_2022/2521_webpic_IMG_8652.jpg
  尺寸: 1484x2000
  ✓ 400px: 30.1KB (webp) + 43.7KB (fallback)
  ✓ 960px: 257.4KB (webp) + 311.1KB (fallback)
  ⊘ 1600px: 跳过（原图太小）

📸 处理: 02drawing/01_images/D_2024/2521_webpic_IMG_9212.webp
  尺寸: 1501x2000
  ✓ 400px: 7.7KB (webp) + 18.4KB (fallback)
  ✓ 960px: 28.6KB (webp) + 75.7KB (fallback)
  ⊘ 1600px: 跳过（原图太小）

📸 处理: 02drawing/01_images/D_2024/2521_webpic_IMG_9212.jpg
  尺寸: 1501x2000
  ✓ 400px: 7.9KB (webp) + 18.8KB (fallback)
  ✓ 960px: 35.1KB (webp) + 88.8KB (fallback)
  ⊘ 1600px: 跳过（原图太小）

📸 处理: 02drawing/01_images/D_2024/2521_webpic_IMG_9206.webp
  尺寸: 1508x2000
  ✓ 400px: 7.4KB (webp) + 18.0KB (fallback)
  ✓ 960px: 21.5KB (webp) + 64.5KB (fallback)
  ⊘ 1600px: 跳过（原图太小）

📸 处理: 02drawing/01_images/D_2024/2521_webpic_IMG_9206.jpg
  尺寸: 1508x2000
  ✓ 400px: 7.8KB (webp) + 18.3KB (fallback)
  ✓ 960px: 23.9KB (webp) + 76.7KB (fallback)
  ⊘ 1600px: 跳过（原图太小）

📸 处理: 02drawing/01_images/D_2024/2521_webpic_IMG_9200.webp
  尺寸: 1504x2000
  ✓ 400px: 6.6KB (webp) + 16.3KB (fallback)
  ✓ 960px: 18.8KB (webp) + 56.5KB (fallback)
  ⊘ 1600px: 跳过（原图太小）

📸 处理: 02drawing/01_images/D_2024/2521_webpic_IMG_9200.jpg
  尺寸: 1504x2000
  ✓ 400px: 7.0KB (webp) + 16.5KB (fallback)
  ✓ 960px: 20.8KB (webp) + 66.6KB (fallback)
  ⊘ 1600px: 跳过（原图太小）

📸 处理: 02drawing/01_images/D_2024/2521_webpic_IMG_9189.webp
  尺寸: 1487x2000
  ✓ 400px: 5.6KB (webp) + 13.2KB (fallback)
  ✓ 960px: 16.3KB (webp) + 47.2KB (fallback)
  ⊘ 1600px: 跳过（原图太小）

📸 处理: 02drawing/01_images/D_2024/2521_webpic_IMG_9189.jpg
  尺寸: 1487x2000
  ✓ 400px: 5.9KB (webp) + 13.4KB (fallback)
  ✓ 960px: 18.1KB (webp) + 62.5KB (fallback)
  ⊘ 1600px: 跳过（原图太小）

📸 处理: 02drawing/01_images/D_2024/2521_webpic_IMG_9180.webp
  尺寸: 1495x2000
  ✓ 400px: 5.4KB (webp) + 12.4KB (fallback)
  ✓ 960px: 16.7KB (webp) + 44.5KB (fallback)
  ⊘ 1600px: 跳过（原图太小）

📸 处理: 02drawing/01_images/D_2024/2521_webpic_IMG_9180.jpg
  尺寸: 1495x2000
  ✓ 400px: 5.7KB (webp) + 12.5KB (fallback)
  ✓ 960px: 18.3KB (webp) + 61.3KB (fallback)
  ⊘ 1600px: 跳过（原图太小）

📸 处理: 02drawing/01_images/D_2024/2521_webpic_IMG_9174.webp
  尺寸: 1493x2000
  ✓ 400px: 5.2KB (webp) + 12.5KB (fallback)
  ✓ 960px: 15.8KB (webp) + 44.3KB (fallback)
  ⊘ 1600px: 跳过（原图太小）

📸 处理: 02drawing/01_images/D_2024/2521_webpic_IMG_9174.jpg
  尺寸: 1493x2000
  ✓ 400px: 5.5KB (webp) + 12.6KB (fallback)
  ✓ 960px: 17.4KB (webp) + 56.9KB (fallback)
  ⊘ 1600px: 跳过（原图太小）

📸 处理: 02drawing/01_images/D_2024/2521_webpic_IMG_9116.webp
  尺寸: 1510x2000
  ✓ 400px: 6.8KB (webp) + 17.1KB (fallback)
  ✓ 960px: 19.8KB (webp) + 58.0KB (fallback)
  ⊘ 1600px: 跳过（原图太小）

📸 处理: 02drawing/01_images/D_2024/2521_webpic_IMG_9116.jpg
  尺寸: 1510x2000
  ✓ 400px: 7.2KB (webp) + 17.6KB (fallback)
  ✓ 960px: 21.8KB (webp) + 70.0KB (fallback)
  ⊘ 1600px: 跳过（原图太小）

📸 处理: 02drawing/01_images/D_2024/2521_webpic_IMG_9113.webp
  尺寸: 1504x2000
  ✓ 400px: 7.1KB (webp) + 17.5KB (fallback)
  ✓ 960px: 20.7KB (webp) + 60.9KB (fallback)
  ⊘ 1600px: 跳过（原图太小）

📸 处理: 02drawing/01_images/D_2024/2521_webpic_IMG_9113.jpg
  尺寸: 1504x2000
  ✓ 400px: 7.5KB (webp) + 18.0KB (fallback)
  ✓ 960px: 22.8KB (webp) + 73.0KB (fallback)
  ⊘ 1600px: 跳过（原图太小）

📸 处理: 02drawing/01_images/D_2024/2521_webpic_IMG_9110.webp
  尺寸: 1506x2000
  ✓ 400px: 6.5KB (webp) + 16.0KB (fallback)
  ✓ 960px: 18.8KB (webp) + 55.7KB (fallback)
  ⊘ 1600px: 跳过（原图太小）

📸 处理: 02drawing/01_images/D_2024/2521_webpic_IMG_9110.jpg
  尺寸: 1506x2000
  ✓ 400px: 6.7KB (webp) + 16.4KB (fallback)
  ✓ 960px: 20.5KB (webp) + 67.6KB (fallback)
  ⊘ 1600px: 跳过（原图太小）

📸 处理: 02drawing/01_images/D_2024/2521_webpic_IMG_9108.webp
  尺寸: 1489x2000
  ✓ 400px: 5.6KB (webp) + 13.5KB (fallback)
  ✓ 960px: 20.2KB (webp) + 61.1KB (fallback)
  ⊘ 1600px: 跳过（原图太小）

📸 处理: 02drawing/01_images/D_2024/2521_webpic_IMG_9108.jpg
  尺寸: 1489x2000
  ✓ 400px: 5.7KB (webp) + 13.7KB (fallback)
  ✓ 960px: 29.2KB (webp) + 84.3KB (fallback)
  ⊘ 1600px: 跳过（原图太小）

📸 处理: 02drawing/01_images/D_2024/2521_webpic_IMG_9105.webp
  尺寸: 1493x2000
  ✓ 400px: 5.9KB (webp) + 14.9KB (fallback)
  ✓ 960px: 25.0KB (webp) + 69.0KB (fallback)
  ⊘ 1600px: 跳过（原图太小）

📸 处理: 02drawing/01_images/D_2024/2521_webpic_IMG_9105.jpg
  尺寸: 1493x2000
  ✓ 400px: 6.2KB (webp) + 14.9KB (fallback)
  ✓ 960px: 34.1KB (webp) + 90.1KB (fallback)
  ⊘ 1600px: 跳过（原图太小）

📸 处理: 02drawing/01_images/D_2024/2521_webpic_IMG_9102.webp
  尺寸: 1495x2000
  ✓ 400px: 5.3KB (webp) + 12.6KB (fallback)
  ✓ 960px: 16.6KB (webp) + 50.8KB (fallback)
  ⊘ 1600px: 跳过（原图太小）

📸 处理: 02drawing/01_images/D_2024/2521_webpic_IMG_9102.jpg
  尺寸: 1495x2000
  ✓ 400px: 5.6KB (webp) + 12.6KB (fallback)
  ✓ 960px: 20.9KB (webp) + 71.1KB (fallback)
  ⊘ 1600px: 跳过（原图太小）

📸 处理: 02drawing/01_images/D_2024/2502_ipad_IMG_8890.webp
  尺寸: 1600x2000
  ✓ 400px: 9.5KB (webp) + 20.9KB (fallback)
  ✓ 960px: 30.9KB (webp) + 82.7KB (fallback)
  ⊘ 1600px: 跳过（原图太小）

📸 处理: 02drawing/01_images/D_2024/2502_ipad_IMG_8890.jpg
  尺寸: 1600x2000
  ✓ 400px: 9.6KB (webp) + 21.0KB (fallback)
  ✓ 960px: 37.2KB (webp) + 96.8KB (fallback)
  ⊘ 1600px: 跳过（原图太小）

📸 处理: 02drawing/01_images/D_2024/2502_ipad_IMG_8887.webp
  尺寸: 1600x2000
  ✓ 400px: 9.6KB (webp) + 20.9KB (fallback)
  ✓ 960px: 31.0KB (webp) + 83.2KB (fallback)
  ⊘ 1600px: 跳过（原图太小）

📸 处理: 02drawing/01_images/D_2024/2502_ipad_IMG_8887.jpg
  尺寸: 1600x2000
  ✓ 400px: 9.6KB (webp) + 21.0KB (fallback)
  ✓ 960px: 37.2KB (webp) + 97.5KB (fallback)
  ⊘ 1600px: 跳过（原图太小）

📸 处理: 02drawing/01_images/D_2024/2502_ipad_IMG_8878.webp
  尺寸: 1600x2000
  ✓ 400px: 8.8KB (webp) + 19.8KB (fallback)
  ✓ 960px: 28.5KB (webp) + 79.0KB (fallback)
  ⊘ 1600px: 跳过（原图太小）

📸 处理: 02drawing/01_images/D_2024/2502_ipad_IMG_8878.jpg
  尺寸: 1600x2000
  ✓ 400px: 8.7KB (webp) + 20.0KB (fallback)
  ✓ 960px: 34.8KB (webp) + 94.2KB (fallback)
  ⊘ 1600px: 跳过（原图太小）

📸 处理: 02drawing/01_images/D_2024/2502_ipad_IMG_8872.webp
  尺寸: 1600x2000
  ✓ 400px: 9.3KB (webp) + 20.8KB (fallback)
  ✓ 960px: 29.6KB (webp) + 81.4KB (fallback)
  ⊘ 1600px: 跳过（原图太小）

📸 处理: 02drawing/01_images/D_2024/2502_ipad_IMG_8872.jpg
  尺寸: 1600x2000
  ✓ 400px: 9.3KB (webp) + 20.9KB (fallback)
  ✓ 960px: 35.5KB (webp) + 95.4KB (fallback)
  ⊘ 1600px: 跳过（原图太小）

📸 处理: 02drawing/01_images/D_2024/2502_ipad_IMG_8866.webp
  尺寸: 1600x2000
  ✓ 400px: 10.5KB (webp) + 22.7KB (fallback)
  ✓ 960px: 33.3KB (webp) + 90.1KB (fallback)
  ⊘ 1600px: 跳过（原图太小）

📸 处理: 02drawing/01_images/D_2024/2502_ipad_IMG_8866.jpg
  尺寸: 1600x2000
  ✓ 400px: 10.6KB (webp) + 22.8KB (fallback)
  ✓ 960px: 40.4KB (webp) + 107.7KB (fallback)
  ⊘ 1600px: 跳过（原图太小）

📸 处理: 02drawing/01_images/D_2024/2502_ipad_IMG_8863.webp
  尺寸: 1600x2000
  ✓ 400px: 10.6KB (webp) + 23.2KB (fallback)
  ✓ 960px: 33.3KB (webp) + 89.9KB (fallback)
  ⊘ 1600px: 跳过（原图太小）

📸 处理: 02drawing/01_images/D_2024/2502_ipad_IMG_8863.jpg
  尺寸: 1600x2000
  ✓ 400px: 10.8KB (webp) + 23.4KB (fallback)
  ✓ 960px: 39.6KB (webp) + 108.2KB (fallback)
  ⊘ 1600px: 跳过（原图太小）

📸 处理: 02drawing/01_images/D_2024/2502_ipad_IMG_8860.webp
  尺寸: 1600x2000
  ✓ 400px: 7.9KB (webp) + 19.2KB (fallback)
  ✓ 960px: 27.0KB (webp) + 78.8KB (fallback)
  ⊘ 1600px: 跳过（原图太小）

📸 处理: 02drawing/01_images/D_2024/2502_ipad_IMG_8860.jpg
  尺寸: 1600x2000
  ✓ 400px: 8.0KB (webp) + 19.4KB (fallback)
  ✓ 960px: 33.7KB (webp) + 96.3KB (fallback)
  ⊘ 1600px: 跳过（原图太小）

📸 处理: 02drawing/01_images/D_2024/2502_ipad_IMG_8854.webp
  尺寸: 1600x2000
  ✓ 400px: 8.6KB (webp) + 20.1KB (fallback)
  ✓ 960px: 29.0KB (webp) + 81.5KB (fallback)
  ⊘ 1600px: 跳过（原图太小）

📸 处理: 02drawing/01_images/D_2024/2502_ipad_IMG_8854.jpg
  尺寸: 1600x2000
  ✓ 400px: 8.7KB (webp) + 20.2KB (fallback)
  ✓ 960px: 36.1KB (webp) + 99.5KB (fallback)
  ⊘ 1600px: 跳过（原图太小）

📸 处理: 02drawing/01_images/D_2024/2502_ipad_IMG_8851.webp
  尺寸: 1600x2000
  ✓ 400px: 8.6KB (webp) + 19.8KB (fallback)
  ✓ 960px: 26.7KB (webp) + 77.6KB (fallback)
  ⊘ 1600px: 跳过（原图太小）

📸 处理: 02drawing/01_images/D_2024/2502_ipad_IMG_8851.jpg
  尺寸: 1600x2000
  ✓ 400px: 8.7KB (webp) + 20.0KB (fallback)
  ✓ 960px: 32.2KB (webp) + 94.5KB (fallback)
  ⊘ 1600px: 跳过（原图太小）

📸 处理: 02drawing/01_images/D_2025/02_object/2504_ipad_kiyomi_drawing_object_9.webp
  尺寸: 1414x2000
  ✓ 400px: 10.0KB (webp) + 23.3KB (fallback)
  ✓ 960px: 42.0KB (webp) + 115.4KB (fallback)
  ⊘ 1600px: 跳过（原图太小）

📸 处理: 02drawing/01_images/D_2025/02_object/2504_ipad_kiyomi_drawing_object_9.jpg
  尺寸: 1414x2000
  ✓ 400px: 10.5KB (webp) + 25.7KB (fallback)
  ✓ 960px: 54.5KB (webp) + 143.6KB (fallback)
  ⊘ 1600px: 跳过（原图太小）

📸 处理: 02drawing/01_images/D_2025/02_object/2504_ipad_kiyomi_drawing_object_8.webp
  尺寸: 1414x2000
  ✓ 400px: 7.0KB (webp) + 23.2KB (fallback)
  ✓ 960px: 46.9KB (webp) + 128.2KB (fallback)
  ⊘ 1600px: 跳过（原图太小）

📸 处理: 02drawing/01_images/D_2025/02_object/2504_ipad_kiyomi_drawing_object_8.jpg
  尺寸: 1414x2000
  ✓ 400px: 8.1KB (webp) + 25.7KB (fallback)
  ✓ 960px: 63.7KB (webp) + 151.8KB (fallback)
  ⊘ 1600px: 跳过（原图太小）

📸 处理: 02drawing/01_images/D_2025/02_object/2504_ipad_kiyomi_drawing_object_7.webp
  尺寸: 1414x2000
  ✓ 400px: 5.4KB (webp) + 17.5KB (fallback)
  ✓ 960px: 31.9KB (webp) + 101.4KB (fallback)
  ⊘ 1600px: 跳过（原图太小）

📸 处理: 02drawing/01_images/D_2025/02_object/2504_ipad_kiyomi_drawing_object_7.jpg
  尺寸: 1414x2000
  ✓ 400px: 6.2KB (webp) + 19.6KB (fallback)
  ✓ 960px: 48.7KB (webp) + 130.9KB (fallback)
  ⊘ 1600px: 跳过（原图太小）

📸 处理: 02drawing/01_images/D_2025/02_object/2504_ipad_kiyomi_drawing_object_6.webp
  尺寸: 1414x2000
  ✓ 400px: 2.1KB (webp) + 11.8KB (fallback)
  ✓ 960px: 16.6KB (webp) + 74.5KB (fallback)
  ⊘ 1600px: 跳过（原图太小）

📸 处理: 02drawing/01_images/D_2025/02_object/2504_ipad_kiyomi_drawing_object_6.jpg
  尺寸: 1414x2000
  ✓ 400px: 2.3KB (webp) + 13.4KB (fallback)
  ✓ 960px: 25.5KB (webp) + 99.5KB (fallback)
  ⊘ 1600px: 跳过（原图太小）

📸 处理: 02drawing/01_images/D_2025/02_object/2504_ipad_kiyomi_drawing_object_5.webp
  尺寸: 1414x2000
  ✓ 400px: 11.7KB (webp) + 30.3KB (fallback)
  ✓ 960px: 56.7KB (webp) + 147.7KB (fallback)
  ⊘ 1600px: 跳过（原图太小）

📸 处理: 02drawing/01_images/D_2025/02_object/2504_ipad_kiyomi_drawing_object_5.jpg
  尺寸: 1414x2000
  ✓ 400px: 12.9KB (webp) + 32.6KB (fallback)
  ✓ 960px: 75.2KB (webp) + 174.2KB (fallback)
  ⊘ 1600px: 跳过（原图太小）

📸 处理: 02drawing/01_images/D_2025/02_object/2504_ipad_kiyomi_drawing_object_4.webp
  尺寸: 1414x2000
  ✓ 400px: 9.4KB (webp) + 22.4KB (fallback)
  ✓ 960px: 42.0KB (webp) + 117.0KB (fallback)
  ⊘ 1600px: 跳过（原图太小）

📸 处理: 02drawing/01_images/D_2025/02_object/2504_ipad_kiyomi_drawing_object_4.jpg
  尺寸: 1414x2000
  ✓ 400px: 10.1KB (webp) + 24.7KB (fallback)
  ✓ 960px: 60.3KB (webp) + 147.3KB (fallback)
  ⊘ 1600px: 跳过（原图太小）

📸 处理: 02drawing/01_images/D_2025/02_object/2504_ipad_kiyomi_drawing_object_3.webp
  尺寸: 1414x2000
  ✓ 400px: 4.0KB (webp) + 17.5KB (fallback)
  ✓ 960px: 35.2KB (webp) + 109.3KB (fallback)
  ⊘ 1600px: 跳过（原图太小）

📸 处理: 02drawing/01_images/D_2025/02_object/2504_ipad_kiyomi_drawing_object_3.jpg
  尺寸: 1414x2000
  ✓ 400px: 4.5KB (webp) + 19.7KB (fallback)
  ✓ 960px: 51.2KB (webp) + 135.9KB (fallback)
  ⊘ 1600px: 跳过（原图太小）

📸 处理: 02drawing/01_images/D_2025/02_object/2504_ipad_kiyomi_drawing_object_28.webp
  尺寸: 1414x2000
  ✓ 400px: 11.1KB (webp) + 26.3KB (fallback)
  ✓ 960px: 46.3KB (webp) + 124.5KB (fallback)
  ⊘ 1600px: 跳过（原图太小）

📸 处理: 02drawing/01_images/D_2025/02_object/2504_ipad_kiyomi_drawing_object_28.jpg
  尺寸: 1414x2000
  ✓ 400px: 12.0KB (webp) + 28.3KB (fallback)
  ✓ 960px: 61.6KB (webp) + 152.5KB (fallback)
  ⊘ 1600px: 跳过（原图太小）

📸 处理: 02drawing/01_images/D_2025/02_object/2504_ipad_kiyomi_drawing_object_27.webp
  尺寸: 1414x2000
  ✓ 400px: 8.9KB (webp) + 26.0KB (fallback)
  ✓ 960px: 46.5KB (webp) + 130.8KB (fallback)
  ⊘ 1600px: 跳过（原图太小）

📸 处理: 02drawing/01_images/D_2025/02_object/2504_ipad_kiyomi_drawing_object_27.jpg
  尺寸: 1414x2000
  ✓ 400px: 10.2KB (webp) + 28.7KB (fallback)
  ✓ 960px: 63.1KB (webp) + 153.6KB (fallback)
  ⊘ 1600px: 跳过（原图太小）

📸 处理: 02drawing/01_images/D_2025/02_object/2504_ipad_kiyomi_drawing_object_26.webp
  尺寸: 1414x2000
  ✓ 400px: 5.9KB (webp) + 19.3KB (fallback)
  ✓ 960px: 32.8KB (webp) + 106.4KB (fallback)
  ⊘ 1600px: 跳过（原图太小）

📸 处理: 02drawing/01_images/D_2025/02_object/2504_ipad_kiyomi_drawing_object_26.jpg
  尺寸: 1414x2000
  ✓ 400px: 6.7KB (webp) + 21.8KB (fallback)
  ✓ 960px: 46.2KB (webp) + 132.2KB (fallback)
  ⊘ 1600px: 跳过（原图太小）

📸 处理: 02drawing/01_images/D_2025/02_object/2504_ipad_kiyomi_drawing_object_25.webp
  尺寸: 1414x2000
  ✓ 400px: 5.6KB (webp) + 17.5KB (fallback)
  ✓ 960px: 31.0KB (webp) + 98.6KB (fallback)
  ⊘ 1600px: 跳过（原图太小）

📸 处理: 02drawing/01_images/D_2025/02_object/2504_ipad_kiyomi_drawing_object_25.jpg
  尺寸: 1414x2000
  ✓ 400px: 6.0KB (webp) + 19.7KB (fallback)
  ✓ 960px: 42.8KB (webp) + 126.3KB (fallback)
  ⊘ 1600px: 跳过（原图太小）

📸 处理: 02drawing/01_images/D_2025/02_object/2504_ipad_kiyomi_drawing_object_24.webp
  尺寸: 1414x2000
  ✓ 400px: 4.9KB (webp) + 17.4KB (fallback)
  ✓ 960px: 31.3KB (webp) + 102.4KB (fallback)
  ⊘ 1600px: 跳过（原图太小）

📸 处理: 02drawing/01_images/D_2025/02_object/2504_ipad_kiyomi_drawing_object_24.jpg
  尺寸: 1414x2000
  ✓ 400px: 5.7KB (webp) + 20.3KB (fallback)
  ✓ 960px: 44.4KB (webp) + 126.9KB (fallback)
  ⊘ 1600px: 跳过（原图太小）

📸 处理: 02drawing/01_images/D_2025/02_object/2504_ipad_kiyomi_drawing_object_23.webp
  尺寸: 1414x2000
  ✓ 400px: 4.9KB (webp) + 17.9KB (fallback)
  ✓ 960px: 34.8KB (webp) + 107.0KB (fallback)
  ⊘ 1600px: 跳过（原图太小）

📸 处理: 02drawing/01_images/D_2025/02_object/2504_ipad_kiyomi_drawing_object_23.jpg
  尺寸: 1414x2000
  ✓ 400px: 5.7KB (webp) + 20.3KB (fallback)
  ✓ 960px: 48.1KB (webp) + 132.4KB (fallback)
  ⊘ 1600px: 跳过（原图太小）

📸 处理: 02drawing/01_images/D_2025/02_object/2504_ipad_kiyomi_drawing_object_22.webp
  尺寸: 1414x2000
  ✓ 400px: 9.4KB (webp) + 23.7KB (fallback)
  ✓ 960px: 61.5KB (webp) + 139.9KB (fallback)
  ⊘ 1600px: 跳过（原图太小）

📸 处理: 02drawing/01_images/D_2025/02_object/2504_ipad_kiyomi_drawing_object_22.jpg
  尺寸: 1414x2000
  ✓ 400px: 11.0KB (webp) + 26.0KB (fallback)
  ✓ 960px: 84.8KB (webp) + 169.4KB (fallback)
  ⊘ 1600px: 跳过（原图太小）

📸 处理: 02drawing/01_images/D_2025/02_object/2504_ipad_kiyomi_drawing_object_21.webp
  尺寸: 1414x2000
  ✓ 400px: 2.5KB (webp) + 12.3KB (fallback)
  ✓ 960px: 20.3KB (webp) + 80.9KB (fallback)
  ⊘ 1600px: 跳过（原图太小）

📸 处理: 02drawing/01_images/D_2025/02_object/2504_ipad_kiyomi_drawing_object_21.jpg
  尺寸: 1414x2000
  ✓ 400px: 2.7KB (webp) + 14.4KB (fallback)
  ✓ 960px: 29.2KB (webp) + 106.4KB (fallback)
  ⊘ 1600px: 跳过（原图太小）

📸 处理: 02drawing/01_images/D_2025/02_object/2504_ipad_kiyomi_drawing_object_20.webp
  尺寸: 1414x2000
  ✓ 400px: 6.0KB (webp) + 19.8KB (fallback)
  ✓ 960px: 38.4KB (webp) + 112.9KB (fallback)
  ⊘ 1600px: 跳过（原图太小）

📸 处理: 02drawing/01_images/D_2025/02_object/2504_ipad_kiyomi_drawing_object_20.jpg
  尺寸: 1414x2000
  ✓ 400px: 7.3KB (webp) + 23.0KB (fallback)
  ✓ 960px: 52.6KB (webp) + 137.7KB (fallback)
  ⊘ 1600px: 跳过（原图太小）

📸 处理: 02drawing/01_images/D_2025/02_object/2504_ipad_kiyomi_drawing_object_2.webp
  尺寸: 1414x2000
  ✓ 400px: 11.6KB (webp) + 27.9KB (fallback)
  ✓ 960px: 50.8KB (webp) + 132.6KB (fallback)
  ⊘ 1600px: 跳过（原图太小）

📸 处理: 02drawing/01_images/D_2025/02_object/2504_ipad_kiyomi_drawing_object_2.jpg
  尺寸: 1414x2000
  ✓ 400px: 12.6KB (webp) + 30.6KB (fallback)
  ✓ 960px: 71.2KB (webp) + 164.2KB (fallback)
  ⊘ 1600px: 跳过（原图太小）

📸 处理: 02drawing/01_images/D_2025/02_object/2504_ipad_kiyomi_drawing_object_19.webp
  尺寸: 1414x2000
  ✓ 400px: 2.1KB (webp) + 9.7KB (fallback)
  ✓ 960px: 14.8KB (webp) + 64.9KB (fallback)
  ⊘ 1600px: 跳过（原图太小）

📸 处理: 02drawing/01_images/D_2025/02_object/2504_ipad_kiyomi_drawing_object_19.jpg
  尺寸: 1414x2000
  ✓ 400px: 2.2KB (webp) + 11.1KB (fallback)
  ✓ 960px: 22.3KB (webp) + 97.8KB (fallback)
  ⊘ 1600px: 跳过（原图太小）

📸 处理: 02drawing/01_images/D_2025/02_object/2504_ipad_kiyomi_drawing_object_18.webp
  尺寸: 1414x2000
  ✓ 400px: 3.7KB (webp) + 15.9KB (fallback)
  ✓ 960px: 27.1KB (webp) + 98.4KB (fallback)
  ⊘ 1600px: 跳过（原图太小）

📸 处理: 02drawing/01_images/D_2025/02_object/2504_ipad_kiyomi_drawing_object_18.jpg
  尺寸: 1414x2000
  ✓ 400px: 4.2KB (webp) + 17.7KB (fallback)
  ✓ 960px: 38.1KB (webp) + 121.1KB (fallback)
  ⊘ 1600px: 跳过（原图太小）

📸 处理: 02drawing/01_images/D_2025/02_object/2504_ipad_kiyomi_drawing_object_17.webp
  尺寸: 1414x2000
  ✓ 400px: 4.1KB (webp) + 16.3KB (fallback)
  ✓ 960px: 27.7KB (webp) + 96.9KB (fallback)
  ⊘ 1600px: 跳过（原图太小）

📸 处理: 02drawing/01_images/D_2025/02_object/2504_ipad_kiyomi_drawing_object_17.jpg
  尺寸: 1414x2000
  ✓ 400px: 4.7KB (webp) + 19.1KB (fallback)
  ✓ 960px: 39.6KB (webp) + 121.1KB (fallback)
  ⊘ 1600px: 跳过（原图太小）

📸 处理: 02drawing/01_images/D_2025/02_object/2504_ipad_kiyomi_drawing_object_16.webp
  尺寸: 1414x2000
  ✓ 400px: 5.2KB (webp) + 16.8KB (fallback)
  ✓ 960px: 26.6KB (webp) + 92.1KB (fallback)
  ⊘ 1600px: 跳过（原图太小）

📸 处理: 02drawing/01_images/D_2025/02_object/2504_ipad_kiyomi_drawing_object_16.jpg
  尺寸: 1414x2000
  ✓ 400px: 5.7KB (webp) + 19.1KB (fallback)
  ✓ 960px: 37.4KB (webp) + 120.9KB (fallback)
  ⊘ 1600px: 跳过（原图太小）

📸 处理: 02drawing/01_images/D_2025/02_object/2504_ipad_kiyomi_drawing_object_15.webp
  尺寸: 1414x2000
  ✓ 400px: 3.6KB (webp) + 14.5KB (fallback)
  ✓ 960px: 22.2KB (webp) + 88.0KB (fallback)
  ⊘ 1600px: 跳过（原图太小）

📸 处理: 02drawing/01_images/D_2025/02_object/2504_ipad_kiyomi_drawing_object_15.jpg
  尺寸: 1414x2000
  ✓ 400px: 3.9KB (webp) + 16.3KB (fallback)
  ✓ 960px: 35.6KB (webp) + 114.7KB (fallback)
  ⊘ 1600px: 跳过（原图太小）

📸 处理: 02drawing/01_images/D_2025/02_object/2504_ipad_kiyomi_drawing_object_14.webp
  尺寸: 1414x2000
  ✓ 400px: 9.9KB (webp) + 23.5KB (fallback)
  ✓ 960px: 41.1KB (webp) + 113.7KB (fallback)
  ⊘ 1600px: 跳过（原图太小）

📸 处理: 02drawing/01_images/D_2025/02_object/2504_ipad_kiyomi_drawing_object_14.jpg
  尺寸: 1414x2000
  ✓ 400px: 10.4KB (webp) + 25.7KB (fallback)
  ✓ 960px: 54.8KB (webp) + 141.9KB (fallback)
  ⊘ 1600px: 跳过（原图太小）

📸 处理: 02drawing/01_images/D_2025/02_object/2504_ipad_kiyomi_drawing_object_13.webp
  尺寸: 1414x2000
  ✓ 400px: 5.3KB (webp) + 17.7KB (fallback)
  ✓ 960px: 31.4KB (webp) + 103.5KB (fallback)
  ⊘ 1600px: 跳过（原图太小）

📸 处理: 02drawing/01_images/D_2025/02_object/2504_ipad_kiyomi_drawing_object_13.jpg
  尺寸: 1414x2000
  ✓ 400px: 5.7KB (webp) + 20.5KB (fallback)
  ✓ 960px: 45.1KB (webp) + 131.7KB (fallback)
  ⊘ 1600px: 跳过（原图太小）

📸 处理: 02drawing/01_images/D_2025/02_object/2504_ipad_kiyomi_drawing_object_12.webp
  尺寸: 1414x2000
  ✓ 400px: 8.5KB (webp) + 23.4KB (fallback)
  ✓ 960px: 42.3KB (webp) + 122.2KB (fallback)
  ⊘ 1600px: 跳过（原图太小）

📸 处理: 02drawing/01_images/D_2025/02_object/2504_ipad_kiyomi_drawing_object_12.jpg
  尺寸: 1414x2000
  ✓ 400px: 9.4KB (webp) + 26.2KB (fallback)
  ✓ 960px: 56.4KB (webp) + 147.4KB (fallback)
  ⊘ 1600px: 跳过（原图太小）

📸 处理: 02drawing/01_images/D_2025/02_object/2504_ipad_kiyomi_drawing_object_11.webp
  尺寸: 1414x2000
  ✓ 400px: 3.2KB (webp) + 13.1KB (fallback)
  ✓ 960px: 19.2KB (webp) + 74.6KB (fallback)
  ⊘ 1600px: 跳过（原图太小）

📸 处理: 02drawing/01_images/D_2025/02_object/2504_ipad_kiyomi_drawing_object_11.jpg
  尺寸: 1414x2000
  ✓ 400px: 3.5KB (webp) + 14.5KB (fallback)
  ✓ 960px: 29.4KB (webp) + 106.4KB (fallback)
  ⊘ 1600px: 跳过（原图太小）

📸 处理: 02drawing/01_images/D_2025/02_object/2504_ipad_kiyomi_drawing_object_10.webp
  尺寸: 1414x2000
  ✓ 400px: 6.1KB (webp) + 16.6KB (fallback)
  ✓ 960px: 24.8KB (webp) + 80.2KB (fallback)
  ⊘ 1600px: 跳过（原图太小）

📸 处理: 02drawing/01_images/D_2025/02_object/2504_ipad_kiyomi_drawing_object_10.jpg
  尺寸: 1414x2000
  ✓ 400px: 6.3KB (webp) + 18.2KB (fallback)
  ✓ 960px: 34.0KB (webp) + 114.3KB (fallback)
  ⊘ 1600px: 跳过（原图太小）

📸 处理: 02drawing/01_images/D_2025/02_object/2504_ipad_kiyomi_drawing_object_1.webp
  尺寸: 1414x2000
  ✓ 400px: 2.7KB (webp) + 13.1KB (fallback)
  ✓ 960px: 20.5KB (webp) + 83.8KB (fallback)
  ⊘ 1600px: 跳过（原图太小）

📸 处理: 02drawing/01_images/D_2025/02_object/2504_ipad_kiyomi_drawing_object_1.jpg
  尺寸: 1414x2000
  ✓ 400px: 3.0KB (webp) + 15.3KB (fallback)
  ✓ 960px: 30.4KB (webp) + 110.5KB (fallback)
  ⊘ 1600px: 跳过（原图太小）

📸 处理: 02drawing/01_images/D_2025/01_dropping_swimmer/2505_ipad_2504_kiyomi_drawing_swimmer_10.webp
  尺寸: 1414x2000
  ✓ 400px: 4.6KB (webp) + 15.0KB (fallback)
  ✓ 960px: 35.7KB (webp) + 112.5KB (fallback)
  ⊘ 1600px: 跳过（原图太小）

📸 处理: 02drawing/01_images/D_2025/01_dropping_swimmer/2505_ipad_2504_kiyomi_drawing_swimmer_10.jpg
  尺寸: 1414x2000
  ✓ 400px: 5.3KB (webp) + 17.6KB (fallback)
  ✓ 960px: 54.0KB (webp) + 142.1KB (fallback)
  ⊘ 1600px: 跳过（原图太小）

📸 处理: 02drawing/01_images/D_2025/01_dropping_swimmer/2505_ipad_2504_kiyomi_drawing_swimmer_09.webp
  尺寸: 1414x2000
  ✓ 400px: 4.1KB (webp) + 14.5KB (fallback)
  ✓ 960px: 32.5KB (webp) + 107.5KB (fallback)
  ⊘ 1600px: 跳过（原图太小）

📸 处理: 02drawing/01_images/D_2025/01_dropping_swimmer/2505_ipad_2504_kiyomi_drawing_swimmer_09.jpg
  尺寸: 1414x2000
  ✓ 400px: 4.7KB (webp) + 16.8KB (fallback)
  ✓ 960px: 50.3KB (webp) + 137.6KB (fallback)
  ⊘ 1600px: 跳过（原图太小）

📸 处理: 02drawing/01_images/D_2025/01_dropping_swimmer/2505_ipad_2504_kiyomi_drawing_swimmer_08.webp
  尺寸: 1414x2000
  ✓ 400px: 3.2KB (webp) + 12.5KB (fallback)
  ✓ 960px: 29.2KB (webp) + 102.4KB (fallback)
  ⊘ 1600px: 跳过（原图太小）

📸 处理: 02drawing/01_images/D_2025/01_dropping_swimmer/2505_ipad_2504_kiyomi_drawing_swimmer_08.jpg
  尺寸: 1414x2000
  ✓ 400px: 3.7KB (webp) + 14.7KB (fallback)
  ✓ 960px: 45.8KB (webp) + 132.1KB (fallback)
  ⊘ 1600px: 跳过（原图太小）

📸 处理: 02drawing/01_images/D_2025/01_dropping_swimmer/2505_ipad_2504_kiyomi_drawing_swimmer_07.webp
  尺寸: 1414x2000
  ✓ 400px: 3.4KB (webp) + 12.8KB (fallback)
  ✓ 960px: 20.6KB (webp) + 80.0KB (fallback)
  ⊘ 1600px: 跳过（原图太小）

📸 处理: 02drawing/01_images/D_2025/01_dropping_swimmer/2505_ipad_2504_kiyomi_drawing_swimmer_07.jpg
  尺寸: 1414x2000
  ✓ 400px: 3.7KB (webp) + 15.3KB (fallback)
  ✓ 960px: 30.3KB (webp) + 108.0KB (fallback)
  ⊘ 1600px: 跳过（原图太小）

📸 处理: 02drawing/01_images/D_2025/01_dropping_swimmer/2505_ipad_2504_kiyomi_drawing_swimmer_06.webp
  尺寸: 1414x2000
  ✓ 400px: 2.7KB (webp) + 11.9KB (fallback)
  ✓ 960px: 18.5KB (webp) + 76.3KB (fallback)
  ⊘ 1600px: 跳过（原图太小）

📸 处理: 02drawing/01_images/D_2025/01_dropping_swimmer/2505_ipad_2504_kiyomi_drawing_swimmer_06.jpg
  尺寸: 1414x2000
  ✓ 400px: 2.9KB (webp) + 14.3KB (fallback)
  ✓ 960px: 28.4KB (webp) + 105.8KB (fallback)
  ⊘ 1600px: 跳过（原图太小）

📸 处理: 02drawing/01_images/D_2025/01_dropping_swimmer/2505_ipad_2504_kiyomi_drawing_swimmer_05.webp
  尺寸: 1414x2000
  ✓ 400px: 3.3KB (webp) + 12.5KB (fallback)
  ✓ 960px: 31.1KB (webp) + 105.5KB (fallback)
  ⊘ 1600px: 跳过（原图太小）

📸 处理: 02drawing/01_images/D_2025/01_dropping_swimmer/2505_ipad_2504_kiyomi_drawing_swimmer_05.jpg
  尺寸: 1414x2000
  ✓ 400px: 3.5KB (webp) + 14.9KB (fallback)
  ✓ 960px: 48.6KB (webp) + 135.7KB (fallback)
  ⊘ 1600px: 跳过（原图太小）

📸 处理: 02drawing/01_images/D_2025/01_dropping_swimmer/2505_ipad_2504_kiyomi_drawing_swimmer_04.webp
  尺寸: 1414x2000
  ✓ 400px: 3.4KB (webp) + 12.9KB (fallback)
  ✓ 960px: 30.2KB (webp) + 103.1KB (fallback)
  ⊘ 1600px: 跳过（原图太小）

📸 处理: 02drawing/01_images/D_2025/01_dropping_swimmer/2505_ipad_2504_kiyomi_drawing_swimmer_04.jpg
  尺寸: 1414x2000
  ✓ 400px: 4.0KB (webp) + 15.0KB (fallback)
  ✓ 960px: 50.3KB (webp) + 132.7KB (fallback)
  ⊘ 1600px: 跳过（原图太小）

📸 处理: 02drawing/01_images/D_2025/01_dropping_swimmer/2505_ipad_2504_kiyomi_drawing_swimmer_03.webp
  尺寸: 1414x2000
  ✓ 400px: 2.6KB (webp) + 11.9KB (fallback)
  ✓ 960px: 19.1KB (webp) + 76.8KB (fallback)
  ⊘ 1600px: 跳过（原图太小）

📸 处理: 02drawing/01_images/D_2025/01_dropping_swimmer/2505_ipad_2504_kiyomi_drawing_swimmer_03.jpg
  尺寸: 1414x2000
  ✓ 400px: 2.9KB (webp) + 14.5KB (fallback)
  ✓ 960px: 29.2KB (webp) + 105.6KB (fallback)
  ⊘ 1600px: 跳过（原图太小）

📸 处理: 02drawing/01_images/D_2025/01_dropping_swimmer/2505_ipad_2504_kiyomi_drawing_swimmer_02.webp
  尺寸: 1414x2000
  ✓ 400px: 3.4KB (webp) + 12.0KB (fallback)
  ✓ 960px: 18.1KB (webp) + 72.2KB (fallback)
  ⊘ 1600px: 跳过（原图太小）

📸 处理: 02drawing/01_images/D_2025/01_dropping_swimmer/2505_ipad_2504_kiyomi_drawing_swimmer_02.jpg
  尺寸: 1414x2000
  ✓ 400px: 3.6KB (webp) + 14.1KB (fallback)
  ✓ 960px: 26.1KB (webp) + 101.2KB (fallback)
  ⊘ 1600px: 跳过（原图太小）

📸 处理: 02drawing/01_images/D_2025/01_dropping_swimmer/2505_ipad_2504_kiyomi_drawing_swimmer_01.webp
  尺寸: 1414x2000
  ✓ 400px: 3.1KB (webp) + 12.4KB (fallback)
  ✓ 960px: 29.0KB (webp) + 101.5KB (fallback)
  ⊘ 1600px: 跳过（原图太小）

📸 处理: 02drawing/01_images/D_2025/01_dropping_swimmer/2505_ipad_2504_kiyomi_drawing_swimmer_01.jpg
  尺寸: 1414x2000
  ✓ 400px: 3.3KB (webp) + 14.4KB (fallback)
  ✓ 960px: 45.4KB (webp) + 130.8KB (fallback)
  ⊘ 1600px: 跳过（原图太小）

═══════════════════════════════════════
  处理完成
═══════════════════════════════════════
总文件数: 422
已处理: 422
跳过: 0
错误: 0

✅ 响应式图片已保存到: /Users/maoxiaoqi/Desktop/网页/web-2025/images/_responsive

